Archive member included to satisfy reference by file (symbol)

c:/devkitPro/libctru/lib\libctru.a(gfx.o)
                              main.o (gfxInitDefault)
c:/devkitPro/libctru/lib\libctru.a(console.o)
                              main.o (consoleSelect)
c:/devkitPro/libctru/lib\libctru.a(gx.o)
                              c:/devkitPro/libctru/lib\libctru.a(gfx.o) (gxCmdBuf)
c:/devkitPro/libctru/lib\libctru.a(hid.o)
                              main.o (hidExit)
c:/devkitPro/libctru/lib\libctru.a(apt.o)
                              main.o (aptMainLoop)
c:/devkitPro/libctru/lib\libctru.a(gspgpu.o)
                              c:/devkitPro/libctru/lib\libctru.a(gfx.o) (gspInit)
c:/devkitPro/libctru/lib\libctru.a(irrst.o)
                              c:/devkitPro/libctru/lib\libctru.a(hid.o) (irrstScanInput)
c:/devkitPro/libctru/lib\libctru.a(swkbd.o)
                              main.o (swkbdInit)
c:/devkitPro/libctru/lib\libctru.a(utf8_to_utf16.o)
                              c:/devkitPro/libctru/lib\libctru.a(swkbd.o) (utf8_to_utf16)
c:/devkitPro/libctru/lib\libctru.a(decode_utf8.o)
                              c:/devkitPro/libctru/lib\libctru.a(utf8_to_utf16.o) (decode_utf8)
c:/devkitPro/libctru/lib\libctru.a(utf16_to_utf8.o)
                              c:/devkitPro/libctru/lib\libctru.a(swkbd.o) (utf16_to_utf8)
c:/devkitPro/libctru/lib\libctru.a(encode_utf8.o)
                              c:/devkitPro/libctru/lib\libctru.a(utf16_to_utf8.o) (encode_utf8)
c:/devkitPro/libctru/lib\libctru.a(encode_utf16.o)
                              c:/devkitPro/libctru/lib\libctru.a(utf8_to_utf16.o) (encode_utf16)
c:/devkitPro/libctru/lib\libctru.a(initArgv.o)
                              c:/devkitpro/devkitarm/bin/../lib/gcc/arm-none-eabi/6.3.0/../../../../arm-none-eabi/lib/armv6k/fpu/3dsx_crt0.o (__system_argc)
c:/devkitPro/libctru/lib\libctru.a(initSystem.o)
                              c:/devkitPro/libctru/lib\libctru.a(apt.o) (__system_retAddr)
c:/devkitPro/libctru/lib\libctru.a(svc.o)
                              c:/devkitPro/libctru/lib\libctru.a(apt.o) (svcExitProcess)
c:/devkitPro/libctru/lib\libctru.a(stack_adjust.o)
                              c:/devkitpro/devkitarm/bin/../lib/gcc/arm-none-eabi/6.3.0/../../../../arm-none-eabi/lib/armv6k/fpu/3dsx_crt0.o (initSystem)
c:/devkitPro/libctru/lib\libctru.a(default_font.bin.o)
                              c:/devkitPro/libctru/lib\libctru.a(console.o) (default_font_bin)
c:/devkitPro/libctru/lib\libctru.a(linear.o)
                              c:/devkitPro/libctru/lib\libctru.a(gfx.o) (linearAlloc)
c:/devkitPro/libctru/lib\libctru.a(mappable.o)
                              c:/devkitPro/libctru/lib\libctru.a(gfx.o) (mappableAlloc)
c:/devkitPro/libctru/lib\libctru.a(vram.o)
                              c:/devkitPro/libctru/lib\libctru.a(gfx.o) (vramAlloc)
c:/devkitPro/libctru/lib\libctru.a(thread.o)
                              c:/devkitPro/libctru/lib\libctru.a(apt.o) (threadCreate)
c:/devkitPro/libctru/lib\libctru.a(srv.o)
                              c:/devkitPro/libctru/lib\libctru.a(apt.o) (srvInit)
c:/devkitPro/libctru/lib\libctru.a(os.o)
                              c:/devkitPro/libctru/lib\libctru.a(apt.o) (__ctru_speedup_config)
c:/devkitPro/libctru/lib\libctru.a(env.o)
                              c:/devkitPro/libctru/lib\libctru.a(irrst.o) (envGetHandle)
c:/devkitPro/libctru/lib\libctru.a(synchronization.o)
                              c:/devkitPro/libctru/lib\libctru.a(initSystem.o) (__sync_init)
c:/devkitPro/libctru/lib\libctru.a(ptmsysm.o)
                              c:/devkitPro/libctru/lib\libctru.a(os.o) (ptmSysmInit)
c:/devkitPro/libctru/lib\libctru.a(rbtree_find.o)
                              c:/devkitPro/libctru/lib\libctru.a(linear.o) (rbtree_find)
c:/devkitPro/libctru/lib\libctru.a(rbtree_remove.o)
                              c:/devkitPro/libctru/lib\libctru.a(linear.o) (rbtree_remove)
c:/devkitPro/libctru/lib\libctru.a(rbtree_iterator.o)
                              c:/devkitPro/libctru/lib\libctru.a(rbtree_remove.o) (rbtree_node_next)
c:/devkitPro/libctru/lib\libctru.a(rbtree_rotate.o)
                              c:/devkitPro/libctru/lib\libctru.a(rbtree_remove.o) (rbtree_rotate)
c:/devkitPro/libctru/lib\libctru.a(rbtree_insert.o)
                              c:/devkitPro/libctru/lib\libctru.a(linear.o) (rbtree_insert)
c:/devkitPro/libctru/lib\libctru.a(rbtree_init.o)
                              c:/devkitPro/libctru/lib\libctru.a(linear.o) (rbtree_init)
c:/devkitPro/libctru/lib\libctru.a(decode_utf16.o)
                              c:/devkitPro/libctru/lib\libctru.a(utf16_to_utf8.o) (decode_utf16)
c:/devkitPro/libctru/lib\libctru.a(ctru_exit.o)
                              c:/devkitPro/libctru/lib\libctru.a(stack_adjust.o) (__libctru_exit)
c:/devkitPro/libctru/lib\libctru.a(appExit.o)
                              c:/devkitPro/libctru/lib\libctru.a(stack_adjust.o) (__appExit)
[...]
Memory Configuration

Name             Origin             Length             Attributes
*default*        0x00000000         0xffffffff

Linker script and memory map

                0x00100000                PROVIDE (__start__, 0x100000)
                0x00100000                . = __start__

.text           0x00100000    0x28e28
 *(.crt0)
 .crt0          0x00100000       0x94 c:/devkitpro/devkitarm/bin/../lib/gcc/arm-none-eabi/6.3.0/../../../../arm-none-eabi/lib/armv6k/fpu/3dsx_crt0.o
                0x00100000                _start
                0x00100008                __service_ptr
                0x0010000c                __apt_appid
                0x00100010                __heap_size
                0x00100014                __linear_heap_size
                0x00100018                __system_arglist
                0x0010001c                __system_runflags
 *(.init)
 .init          0x00100094        0xc c:/devkitpro/devkitarm/bin/../lib/gcc/arm-none-eabi/6.3.0/armv6k/fpu/crti.o
                0x00100094                _init
 .init          0x001000a0        0xc c:/devkitpro/devkitarm/bin/../lib/gcc/arm-none-eabi/6.3.0/armv6k/fpu/crtn.o
                0x001000ac                . = ALIGN (0x4)
 *(.text)
 .text          0x001000ac       0x64 c:/devkitPro/libctru/lib\libctru.a(stack_adjust.o)
                0x001000ac                initSystem
                0x001000f0                __ctru_exit
 .text          0x00100110      0x240 c:/devkitpro/devkitarm/bin/../lib/gcc/arm-none-eabi/6.3.0/armv6k/fpu\libgcc.a(_divsi3.o)
                0x00100110                __divsi3
                0x00100110                __aeabi_idiv
                0x00100330                __aeabi_idivmod
 .text          0x00100350        0x4 c:/devkitpro/devkitarm/bin/../lib/gcc/arm-none-eabi/6.3.0/armv6k/fpu\libgcc.a(_dvmd_tls.o)
                0x00100350                __aeabi_idiv0
                0x00100350                __aeabi_ldiv0
 .text          0x00100354       0x3c c:/devkitpro/devkitarm/bin/../lib/gcc/arm-none-eabi/6.3.0/armv6k/fpu\libgcc.a(_aeabi_uldivmod.o)
                0x00100354                __aeabi_uldivmod
 *fill*         0x00100390       0x10 
 .text          0x001003a0      0x390 c:/devkitpro/devkitarm/bin/../lib/gcc/arm-none-eabi/6.3.0/../../../../arm-none-eabi/lib/armv6k/fpu\libg.a(lib_a-strcmp.o)
                0x001003a8                strcmp
 .text          0x00100730      0x20c c:/devkitpro/devkitarm/bin/../lib/gcc/arm-none-eabi/6.3.0/armv6k/fpu\libgcc.a(_udivsi3.o)
                0x00100730                __aeabi_uidiv
                0x00100730                __udivsi3
                0x0010091c                __aeabi_uidivmod
 *(.text.*)
 .text.deregister_tm_clones
                0x0010093c       0x30 c:/devkitpro/devkitarm/bin/../lib/gcc/arm-none-eabi/6.3.0/armv6k/fpu/crtbegin.o
 .text.register_tm_clones
                0x0010096c       0x38 c:/devkitpro/devkitarm/bin/../lib/gcc/arm-none-eabi/6.3.0/armv6k/fpu/crtbegin.o
 .text.__do_global_dtors_aux
                0x001009a4       0x44 c:/devkitpro/devkitarm/bin/../lib/gcc/arm-none-eabi/6.3.0/armv6k/fpu/crtbegin.o
 .text.frame_dummy
                0x001009e8       0x5c c:/devkitpro/devkitarm/bin/../lib/gcc/arm-none-eabi/6.3.0/armv6k/fpu/crtbegin.o
 .text.MyCallback
                0x00100a44        0x8 main.o
 .text.startup.main
                0x00100a4c      0xab0 main.o
                0x00100a4c                main
 .text.gfxSetFramebufferInfo.part.0
                0x001014fc       0x8c c:/devkitPro/libctru/lib\libctru.a(gfx.o)
 .text.__get_bytes_per_pixel
                0x00101588       0x18 c:/devkitPro/libctru/lib\libctru.a(gfx.o)
                0x00101588                __get_bytes_per_pixel
 .text.gfxSetScreenFormat
                0x001015a0      0x174 c:/devkitPro/libctru/lib\libctru.a(gfx.o)
                0x001015a0                gfxSetScreenFormat
 .text.gfxSetDoubleBuffering
                0x00101714       0x14 c:/devkitPro/libctru/lib\libctru.a(gfx.o)
                0x00101714                gfxSetDoubleBuffering
 .text.gfxSetFramebufferInfo
                0x00101728       0x70 c:/devkitPro/libctru/lib\libctru.a(gfx.o)
                0x00101728                gfxSetFramebufferInfo
 .text.gfxWriteFramebufferInfo
                0x00101798       0x88 c:/devkitPro/libctru/lib\libctru.a(gfx.o)
                0x00101798                gfxWriteFramebufferInfo
 .text.gfxInit  0x00101820      0x1fc c:/devkitPro/libctru/lib\libctru.a(gfx.o)
                0x00101820                gfxInit
 .text.gfxInitDefault
                0x00101a1c       0x10 c:/devkitPro/libctru/lib\libctru.a(gfx.o)
                0x00101a1c                gfxInitDefault
 .text.gfxExit  0x00101a2c       0xe0 c:/devkitPro/libctru/lib\libctru.a(gfx.o)
                0x00101a2c                gfxExit
 .text.gfxGetFramebuffer
                0x00101b0c       0xb0 c:/devkitPro/libctru/lib\libctru.a(gfx.o)
                0x00101b0c                gfxGetFramebuffer
 .text.gfxFlushBuffers
                0x00101bbc       0xc8 c:/devkitPro/libctru/lib\libctru.a(gfx.o)
                0x00101bbc                gfxFlushBuffers
 .text.gfxConfigScreen
                0x00101c84       0x70 c:/devkitPro/libctru/lib\libctru.a(gfx.o)
                0x00101c84                gfxConfigScreen
 .text.gfxSwapBuffers
                0x00101cf4       0x20 c:/devkitPro/libctru/lib\libctru.a(gfx.o)
                0x00101cf4                gfxSwapBuffers
 .text.gfxSwapBuffersGpu
                0x00101d14       0x20 c:/devkitPro/libctru/lib\libctru.a(gfx.o)
                0x00101d14                gfxSwapBuffersGpu
 .text.debug_write
                0x00101d34       0x1c c:/devkitPro/libctru/lib\libctru.a(console.o)
                0x00101d34                debug_write
 .text.consoleSelect
                0x00101d50       0x18 c:/devkitPro/libctru/lib\libctru.a(console.o)
                0x00101d50                consoleSelect
 .text.consoleDrawChar
                0x00101d68      0x1b0 c:/devkitPro/libctru/lib\libctru.a(console.o)
                0x00101d68                consoleDrawChar
 .text.consolePrintChar
                0x00101f18      0x124 c:/devkitPro/libctru/lib\libctru.a(console.o)
                0x00101f18                consolePrintChar
 .text.consoleCls
                0x0010203c      0x190 c:/devkitPro/libctru/lib\libctru.a(console.o)
 .text.consoleInit
                0x001021cc       0xf8 c:/devkitPro/libctru/lib\libctru.a(console.o)
                0x001021cc                consoleInit
 .text.consoleClearLine
                0x001022c4      0x144 c:/devkitPro/libctru/lib\libctru.a(console.o)
 .text.newRow   0x00102408       0xbc c:/devkitPro/libctru/lib\libctru.a(console.o)
 .text.con_write
                0x001024c4      0x79c c:/devkitPro/libctru/lib\libctru.a(console.o)
                0x001024c4                con_write
 .text.consoleClear
                0x00102c60        0xc c:/devkitPro/libctru/lib\libctru.a(console.o)
                0x00102c60                consoleClear
 .text.hidExit  0x00102c6c       0xd0 c:/devkitPro/libctru/lib\libctru.a(hid.o)
                0x00102c6c                hidExit
 .text.hidScanInput
                0x00102d3c      0x234 c:/devkitPro/libctru/lib\libctru.a(hid.o)
                0x00102d3c                hidScanInput
 .text.hidKeysDown
                0x00102f70       0x10 c:/devkitPro/libctru/lib\libctru.a(hid.o)
                0x00102f70                hidKeysDown
 .text.hidTouchRead
                0x00102f80       0x18 c:/devkitPro/libctru/lib\libctru.a(hid.o)
                0x00102f80                hidTouchRead
 .text.HIDUSER_GetHandles
                0x00102f98       0x90 c:/devkitPro/libctru/lib\libctru.a(hid.o)
                0x00102f98                HIDUSER_GetHandles
 .text.hidInit  0x00103028      0x18c c:/devkitPro/libctru/lib\libctru.a(hid.o)
                0x00103028                hidInit
 .text._aptDebug
                0x001031b4        0x4 c:/devkitPro/libctru/lib\libctru.a(apt.o)
                0x001031b4                _aptDebug
 .text.aptSendCommand
                0x001031b8      0x130 c:/devkitPro/libctru/lib\libctru.a(apt.o)
                0x001031b8                aptSendCommand
 .text.aptExitProcess
                0x001032e8       0x3c c:/devkitPro/libctru/lib\libctru.a(apt.o)
 .text.aptSetMessageCallback
                0x00103324       0x14 c:/devkitPro/libctru/lib\libctru.a(apt.o)
                0x00103324                aptSetMessageCallback
 .text.APT_InquireNotification
                0x00103338       0x4c c:/devkitPro/libctru/lib\libctru.a(apt.o)
                0x00103338                APT_InquireNotification
 .text.aptEventHandler
                0x00103384      0x19c c:/devkitPro/libctru/lib\libctru.a(apt.o)
 .text.APT_AppletUtility
                0x00103520       0x74 c:/devkitPro/libctru/lib\libctru.a(apt.o)
                0x00103520                APT_AppletUtility
 .text.aptSetSleepAllowed
                0x00103594       0xb4 c:/devkitPro/libctru/lib\libctru.a(apt.o)
                0x00103594                aptSetSleepAllowed
 .text.APT_GlanceParameter
                0x00103648       0xb4 c:/devkitPro/libctru/lib\libctru.a(apt.o)
                0x00103648                APT_GlanceParameter
 .text.APT_ReceiveParameter
                0x001036fc       0xc0 c:/devkitPro/libctru/lib\libctru.a(apt.o)
                0x001036fc                APT_ReceiveParameter
 .text.aptReceiveParameter.constprop.1
                0x001037bc       0xa8 c:/devkitPro/libctru/lib\libctru.a(apt.o)
 *fill*         0x00103864        0x4 
 .text.aptScreenTransfer
                0x00103868      0x1ec c:/devkitPro/libctru/lib\libctru.a(apt.o)
 .text.aptWaitForWakeUp
                0x00103a54      0x228 c:/devkitPro/libctru/lib\libctru.a(apt.o)
 .text.APT_SendParameter
                0x00103c7c       0x58 c:/devkitPro/libctru/lib\libctru.a(apt.o)
                0x00103c7c                APT_SendParameter
 .text.APT_CancelParameter
                0x00103cd4       0x70 c:/devkitPro/libctru/lib\libctru.a(apt.o)
                0x00103cd4                APT_CancelParameter
 .text.aptInit  0x00103d44      0x230 c:/devkitPro/libctru/lib\libctru.a(apt.o)
                0x00103d44                aptInit
 .text.aptClearParamQueue
                0x00103f74       0x8c c:/devkitPro/libctru/lib\libctru.a(apt.o)
 .text.aptMainLoop
                0x00104000      0x214 c:/devkitPro/libctru/lib\libctru.a(apt.o)
                0x00104000                aptMainLoop
 .text.aptExit  0x00104214      0x148 c:/devkitPro/libctru/lib\libctru.a(apt.o)
                0x00104214                aptExit
 .text.aptLaunchLibraryApplet
                0x0010435c       0xdc c:/devkitPro/libctru/lib\libctru.a(apt.o)
                0x0010435c                aptLaunchLibraryApplet
 .text.APT_CheckNew3DS
                0x00104438       0x70 c:/devkitPro/libctru/lib\libctru.a(apt.o)
                0x00104438                APT_CheckNew3DS
 .text.gspEventThreadMain
                0x001044a8      0x160 c:/devkitPro/libctru/lib\libctru.a(gspgpu.o)
 .text.gspInit  0x00104608       0x74 c:/devkitPro/libctru/lib\libctru.a(gspgpu.o)
                0x00104608                gspInit
 .text.gspExit  0x0010467c       0x3c c:/devkitPro/libctru/lib\libctru.a(gspgpu.o)
                0x0010467c                gspExit
 .text.gspInitEventHandler
                0x001046b8       0x88 c:/devkitPro/libctru/lib\libctru.a(gspgpu.o)
                0x001046b8                gspInitEventHandler
 .text.gspExitEventHandler
                0x00104740       0x30 c:/devkitPro/libctru/lib\libctru.a(gspgpu.o)
                0x00104740                gspExitEventHandler
 .text.gspWaitForEvent
                0x00104770       0x44 c:/devkitPro/libctru/lib\libctru.a(gspgpu.o)
                0x00104770                gspWaitForEvent
 .text.GSPGPU_SetBufferSwap
                0x001047b4       0x6c c:/devkitPro/libctru/lib\libctru.a(gspgpu.o)
                0x001047b4                GSPGPU_SetBufferSwap
 .text.GSPGPU_FlushDataCache
                0x00104820       0x4c c:/devkitPro/libctru/lib\libctru.a(gspgpu.o)
                0x00104820                GSPGPU_FlushDataCache
 .text.GSPGPU_SetLcdForceBlack
                0x0010486c       0x34 c:/devkitPro/libctru/lib\libctru.a(gspgpu.o)
                0x0010486c                GSPGPU_SetLcdForceBlack
 .text.GSPGPU_RegisterInterruptRelayQueue
                0x001048a0       0x64 c:/devkitPro/libctru/lib\libctru.a(gspgpu.o)
                0x001048a0                GSPGPU_RegisterInterruptRelayQueue
 .text.GSPGPU_UnregisterInterruptRelayQueue
                0x00104904       0x2c c:/devkitPro/libctru/lib\libctru.a(gspgpu.o)
                0x00104904                GSPGPU_UnregisterInterruptRelayQueue
 .text.GSPGPU_AcquireRight
                0x00104930       0x48 c:/devkitPro/libctru/lib\libctru.a(gspgpu.o)
                0x00104930                GSPGPU_AcquireRight
 .text.GSPGPU_ReleaseRight
                0x00104978       0x2c c:/devkitPro/libctru/lib\libctru.a(gspgpu.o)
                0x00104978                GSPGPU_ReleaseRight
 .text.GSPGPU_ImportDisplayCaptureInfo
                0x001049a4       0x80 c:/devkitPro/libctru/lib\libctru.a(gspgpu.o)
                0x001049a4                GSPGPU_ImportDisplayCaptureInfo
 .text.GSPGPU_SaveVramSysArea
                0x00104a24       0x2c c:/devkitPro/libctru/lib\libctru.a(gspgpu.o)
                0x00104a24                GSPGPU_SaveVramSysArea
 .text.GSPGPU_RestoreVramSysArea
                0x00104a50       0x2c c:/devkitPro/libctru/lib\libctru.a(gspgpu.o)
                0x00104a50                GSPGPU_RestoreVramSysArea
 .text.irrstScanInput
                0x00104a7c       0xb0 c:/devkitPro/libctru/lib\libctru.a(irrst.o)
                0x00104a7c                irrstScanInput
 .text.irrstKeysHeld
                0x00104b2c       0x1c c:/devkitPro/libctru/lib\libctru.a(irrst.o)
                0x00104b2c                irrstKeysHeld
 .text.IRRST_GetHandles
                0x00104b48       0x50 c:/devkitPro/libctru/lib\libctru.a(irrst.o)
                0x00104b48                IRRST_GetHandles
 .text.irrstInit
                0x00104b98      0x150 c:/devkitPro/libctru/lib\libctru.a(irrst.o)
                0x00104b98                irrstInit
 .text.IRRST_Shutdown
                0x00104ce8       0x2c c:/devkitPro/libctru/lib\libctru.a(irrst.o)
                0x00104ce8                IRRST_Shutdown
 .text.irrstExit
                0x00104d14       0xac c:/devkitPro/libctru/lib\libctru.a(irrst.o)
                0x00104d14                irrstExit
 .text.swkbdConvertToUTF16.part.0
                0x00104dc0       0x24 c:/devkitPro/libctru/lib\libctru.a(swkbd.o)
 .text.swkbdMessageCallback
                0x00104de4      0x16c c:/devkitPro/libctru/lib\libctru.a(swkbd.o)
 .text.swkbdInit
                0x00104f50       0x78 c:/devkitPro/libctru/lib\libctru.a(swkbd.o)
                0x00104f50                swkbdInit
 .text.swkbdSetFeatures
                0x00104fc8       0x3c c:/devkitPro/libctru/lib\libctru.a(swkbd.o)
                0x00104fc8                swkbdSetFeatures
 .text.swkbdSetHintText
                0x00105004       0x2c c:/devkitPro/libctru/lib\libctru.a(swkbd.o)
                0x00105004                swkbdSetHintText
 .text.swkbdSetFilterCallback
                0x00105030       0x14 c:/devkitPro/libctru/lib\libctru.a(swkbd.o)
                0x00105030                swkbdSetFilterCallback
 .text.swkbdInputText
                0x00105044      0x378 c:/devkitPro/libctru/lib\libctru.a(swkbd.o)
                0x00105044                swkbdInputText
 .text.utf8_to_utf16
                0x001053bc       0xc0 c:/devkitPro/libctru/lib\libctru.a(utf8_to_utf16.o)
                0x001053bc                utf8_to_utf16
 .text.decode_utf8
                0x0010547c      0x138 c:/devkitPro/libctru/lib\libctru.a(decode_utf8.o)
                0x0010547c                decode_utf8
 .text.utf16_to_utf8
                0x001055b4       0xe8 c:/devkitPro/libctru/lib\libctru.a(utf16_to_utf8.o)
                0x001055b4                utf16_to_utf8
 .text.encode_utf8
                0x0010569c      0x104 c:/devkitPro/libctru/lib\libctru.a(encode_utf8.o)
                0x0010569c                encode_utf8
 .text.encode_utf16
                0x001057a0       0x68 c:/devkitPro/libctru/lib\libctru.a(encode_utf16.o)
                0x001057a0                encode_utf16
 .text.__system_initArgv
                0x00105808       0xe8 c:/devkitPro/libctru/lib\libctru.a(initArgv.o)
                0x00105808                __system_initArgv
 .text.__libctru_init
                0x001058f0       0x38 c:/devkitPro/libctru/lib\libctru.a(initSystem.o)
                0x001058f0                __libctru_init
 .text.svcControlMemory
                0x00105928       0x20 c:/devkitPro/libctru/lib\libctru.a(svc.o)
                0x00105928                svcControlMemory
 .text.svcExitProcess
                0x00105948        0x8 c:/devkitPro/libctru/lib\libctru.a(svc.o)
                0x00105948                svcExitProcess
 .text.svcCreateThread
                0x00105950       0x20 c:/devkitPro/libctru/lib\libctru.a(svc.o)
                0x00105950                svcCreateThread
 .text.svcExitThread
                0x00105970        0x8 c:/devkitPro/libctru/lib\libctru.a(svc.o)
                0x00105970                svcExitThread
 .text.svcSleepThread
                0x00105978        0x8 c:/devkitPro/libctru/lib\libctru.a(svc.o)
                0x00105978                svcSleepThread
 .text.svcReleaseMutex
                0x00105980        0x8 c:/devkitPro/libctru/lib\libctru.a(svc.o)
                0x00105980                svcReleaseMutex
 .text.svcCreateEvent
                0x00105988       0x14 c:/devkitPro/libctru/lib\libctru.a(svc.o)
                0x00105988                svcCreateEvent
 .text.svcSignalEvent
                0x0010599c        0x8 c:/devkitPro/libctru/lib\libctru.a(svc.o)
                0x0010599c                svcSignalEvent
 .text.svcClearEvent
                0x001059a4        0x8 c:/devkitPro/libctru/lib\libctru.a(svc.o)
                0x001059a4                svcClearEvent
 .text.svcCreateMemoryBlock
                0x001059ac       0x18 c:/devkitPro/libctru/lib\libctru.a(svc.o)
                0x001059ac                svcCreateMemoryBlock
 .text.svcMapMemoryBlock
                0x001059c4        0x8 c:/devkitPro/libctru/lib\libctru.a(svc.o)
                0x001059c4                svcMapMemoryBlock
 .text.svcUnmapMemoryBlock
                0x001059cc        0x8 c:/devkitPro/libctru/lib\libctru.a(svc.o)
                0x001059cc                svcUnmapMemoryBlock
 .text.svcCreateAddressArbiter
                0x001059d4       0x14 c:/devkitPro/libctru/lib\libctru.a(svc.o)
                0x001059d4                svcCreateAddressArbiter
 .text.svcArbitrateAddress
                0x001059e8       0x18 c:/devkitPro/libctru/lib\libctru.a(svc.o)
                0x001059e8                svcArbitrateAddress
 .text.svcCloseHandle
                0x00105a00        0x8 c:/devkitPro/libctru/lib\libctru.a(svc.o)
                0x00105a00                svcCloseHandle
 .text.svcWaitSynchronization
                0x00105a08        0x8 c:/devkitPro/libctru/lib\libctru.a(svc.o)
                0x00105a08                svcWaitSynchronization
 .text.svcWaitSynchronizationN
                0x00105a10       0x28 c:/devkitPro/libctru/lib\libctru.a(svc.o)
                0x00105a10                svcWaitSynchronizationN
 .text.svcDuplicateHandle
                0x00105a38       0x14 c:/devkitPro/libctru/lib\libctru.a(svc.o)
                0x00105a38                svcDuplicateHandle
 .text.svcGetSystemTick
                0x00105a4c        0x8 c:/devkitPro/libctru/lib\libctru.a(svc.o)
                0x00105a4c                svcGetSystemTick
 .text.svcGetSystemInfo
                0x00105a54       0x18 c:/devkitPro/libctru/lib\libctru.a(svc.o)
                0x00105a54                svcGetSystemInfo
 .text.svcConnectToPort
                0x00105a6c       0x14 c:/devkitPro/libctru/lib\libctru.a(svc.o)
                0x00105a6c                svcConnectToPort
 .text.svcSendSyncRequest
                0x00105a80        0x8 c:/devkitPro/libctru/lib\libctru.a(svc.o)
                0x00105a80                svcSendSyncRequest
 .text.svcBreak
                0x00105a88        0x8 c:/devkitPro/libctru/lib\libctru.a(svc.o)
                0x00105a88                svcBreak
 .text.svcOutputDebugString
                0x00105a90        0x8 c:/devkitPro/libctru/lib\libctru.a(svc.o)
                0x00105a90                svcOutputDebugString
 .text._ZL21addrMapNodeComparatorPK11rbtree_nodeS1_
                0x00105a98       0x24 c:/devkitPro/libctru/lib\libctru.a(linear.o)
 .text._ZL21addrMapNodeDestructorP11rbtree_node
                0x00105abc        0x4 c:/devkitPro/libctru/lib\libctru.a(linear.o)
 .text.linearMemAlign
                0x00105ac0      0x13c c:/devkitPro/libctru/lib\libctru.a(linear.o)
                0x00105ac0                linearMemAlign
 .text.linearAlloc
                0x00105bfc        0x8 c:/devkitPro/libctru/lib\libctru.a(linear.o)
                0x00105bfc                linearAlloc
 .text.linearFree
                0x00105c04       0x50 c:/devkitPro/libctru/lib\libctru.a(linear.o)
                0x00105c04                linearFree
 .text._ZL21addrMapNodeComparatorPK11rbtree_nodeS1_
                0x00105c54       0x24 c:/devkitPro/libctru/lib\libctru.a(mappable.o)
 .text._ZL21addrMapNodeDestructorP11rbtree_node
                0x00105c78        0x4 c:/devkitPro/libctru/lib\libctru.a(mappable.o)
 .text.mappableAlloc
                0x00105c7c       0xf4 c:/devkitPro/libctru/lib\libctru.a(mappable.o)
                0x00105c7c                mappableAlloc
 .text.mappableFree
                0x00105d70       0x50 c:/devkitPro/libctru/lib\libctru.a(mappable.o)
                0x00105d70                mappableFree
 .text._ZL21addrMapNodeComparatorPK11rbtree_nodeS1_
                0x00105dc0       0x24 c:/devkitPro/libctru/lib\libctru.a(vram.o)
 .text._ZL21addrMapNodeDestructorP11rbtree_node
                0x00105de4        0x4 c:/devkitPro/libctru/lib\libctru.a(vram.o)
 .text.vramMemAlign
                0x00105de8      0x12c c:/devkitPro/libctru/lib\libctru.a(vram.o)
                0x00105de8                vramMemAlign
 .text.vramAlloc
                0x00105f14        0x8 c:/devkitPro/libctru/lib\libctru.a(vram.o)
                0x00105f14                vramAlloc
 .text.vramFree
                0x00105f1c       0x50 c:/devkitPro/libctru/lib\libctru.a(vram.o)
                0x00105f1c                vramFree
 .text.threadCreate
                0x00105f6c      0x1bc c:/devkitPro/libctru/lib\libctru.a(thread.o)
                0x00105f6c                threadCreate
 .text.threadJoin
                0x00106128       0x24 c:/devkitPro/libctru/lib\libctru.a(thread.o)
                0x00106128                threadJoin
 .text.threadExit
                0x0010614c       0x70 c:/devkitPro/libctru/lib\libctru.a(thread.o)
                0x0010614c                threadExit
 .text._thread_begin
                0x001061bc       0x40 c:/devkitPro/libctru/lib\libctru.a(thread.o)
 .text.srvExit  0x001061fc       0x50 c:/devkitPro/libctru/lib\libctru.a(srv.o)
                0x001061fc                srvExit
 .text.srvRegisterClient
                0x0010624c       0x38 c:/devkitPro/libctru/lib\libctru.a(srv.o)
                0x0010624c                srvRegisterClient
 .text.srvInit  0x00106284       0x78 c:/devkitPro/libctru/lib\libctru.a(srv.o)
                0x00106284                srvInit
 .text.srvGetServiceHandleDirect
                0x001062fc       0x68 c:/devkitPro/libctru/lib\libctru.a(srv.o)
                0x001062fc                srvGetServiceHandleDirect
 .text.srvGetServiceHandle
                0x00106364       0x38 c:/devkitPro/libctru/lib\libctru.a(srv.o)
                0x00106364                srvGetServiceHandle
 .text.getSysTime
                0x0010639c       0x58 c:/devkitPro/libctru/lib\libctru.a(os.o)
 .text.osGetMemRegionUsed
                0x001063f4       0x24 c:/devkitPro/libctru/lib\libctru.a(os.o)
                0x001063f4                osGetMemRegionUsed
 .text.__libctru_gtod
                0x00106418       0xf4 c:/devkitPro/libctru/lib\libctru.a(os.o)
                0x00106418                __libctru_gtod
 .text.__ctru_speedup_config
                0x0010650c       0x34 c:/devkitPro/libctru/lib\libctru.a(os.o)
                0x0010650c                __ctru_speedup_config
 .text.envGetHandle
                0x00106540       0x84 c:/devkitPro/libctru/lib\libctru.a(env.o)
                0x00106540                envGetHandle
 .text.envDestroyHandles
                0x001065c4       0x4c c:/devkitPro/libctru/lib\libctru.a(env.o)
                0x001065c4                envDestroyHandles
 .text.LightLock_Unlock.part.1
                0x00106610       0x34 c:/devkitPro/libctru/lib\libctru.a(synchronization.o)
 .text.__sync_init
                0x00106644        0xc c:/devkitPro/libctru/lib\libctru.a(synchronization.o)
                0x00106644                __sync_init
 .text.__sync_fini
                0x00106650       0x18 c:/devkitPro/libctru/lib\libctru.a(synchronization.o)
                0x00106650                __sync_fini
 .text.__sync_get_arbiter
                0x00106668       0x10 c:/devkitPro/libctru/lib\libctru.a(synchronization.o)
                0x00106668                __sync_get_arbiter
 .text.LightLock_Init
                0x00106678       0x18 c:/devkitPro/libctru/lib\libctru.a(synchronization.o)
                0x00106678                LightLock_Init
 .text.LightLock_Lock
                0x00106690       0xa0 c:/devkitPro/libctru/lib\libctru.a(synchronization.o)
                0x00106690                LightLock_Lock
 .text.LightLock_TryLock
                0x00106730       0x34 c:/devkitPro/libctru/lib\libctru.a(synchronization.o)
                0x00106730                LightLock_TryLock
 .text.LightLock_Unlock
                0x00106764       0x20 c:/devkitPro/libctru/lib\libctru.a(synchronization.o)
                0x00106764                LightLock_Unlock
 .text.RecursiveLock_Init
                0x00106784       0x24 c:/devkitPro/libctru/lib\libctru.a(synchronization.o)
                0x00106784                RecursiveLock_Init
 .text.RecursiveLock_Lock
                0x001067a8       0x30 c:/devkitPro/libctru/lib\libctru.a(synchronization.o)
                0x001067a8                RecursiveLock_Lock
 .text.RecursiveLock_TryLock
                0x001067d8       0x58 c:/devkitPro/libctru/lib\libctru.a(synchronization.o)
                0x001067d8                RecursiveLock_TryLock
 .text.RecursiveLock_Unlock
                0x00106830       0x38 c:/devkitPro/libctru/lib\libctru.a(synchronization.o)
                0x00106830                RecursiveLock_Unlock
 .text.LightEvent_Init
                0x00106868       0x38 c:/devkitPro/libctru/lib\libctru.a(synchronization.o)
                0x00106868                LightEvent_Init
 .text.LightEvent_Clear
                0x001068a0       0x7c c:/devkitPro/libctru/lib\libctru.a(synchronization.o)
                0x001068a0                LightEvent_Clear
 .text.LightEvent_Signal
                0x0010691c       0xdc c:/devkitPro/libctru/lib\libctru.a(synchronization.o)
                0x0010691c                LightEvent_Signal
 .text.LightEvent_Wait
                0x001069f8       0xd0 c:/devkitPro/libctru/lib\libctru.a(synchronization.o)
                0x001069f8                LightEvent_Wait
 .text.ptmSysmInit
                0x00106ac8       0x70 c:/devkitPro/libctru/lib\libctru.a(ptmsysm.o)
                0x00106ac8                ptmSysmInit
 .text.ptmSysmExit
                0x00106b38       0x34 c:/devkitPro/libctru/lib\libctru.a(ptmsysm.o)
                0x00106b38                ptmSysmExit
 .text.PTMSYSM_ConfigureNew3DSCPU
                0x00106b6c       0x34 c:/devkitPro/libctru/lib\libctru.a(ptmsysm.o)
                0x00106b6c                PTMSYSM_ConfigureNew3DSCPU
 .text.rbtree_find
                0x00106ba0       0x70 c:/devkitPro/libctru/lib\libctru.a(rbtree_find.o)
                0x00106ba0                rbtree_find
 .text.rbtree_remove
                0x00106c10      0x324 c:/devkitPro/libctru/lib\libctru.a(rbtree_remove.o)
                0x00106c10                rbtree_remove
 .text.rbtree_node_next
                0x00106f34       0x74 c:/devkitPro/libctru/lib\libctru.a(rbtree_iterator.o)
                0x00106f34                rbtree_node_next
 .text.rbtree_rotate
                0x00106fa8       0x94 c:/devkitPro/libctru/lib\libctru.a(rbtree_rotate.o)
                0x00106fa8                rbtree_rotate
 .text.do_insert
                0x0010703c      0x18c c:/devkitPro/libctru/lib\libctru.a(rbtree_insert.o)
 .text.rbtree_insert
                0x001071c8        0x8 c:/devkitPro/libctru/lib\libctru.a(rbtree_insert.o)
                0x001071c8                rbtree_insert
 .text.rbtree_init
                0x001071d0       0x14 c:/devkitPro/libctru/lib\libctru.a(rbtree_init.o)
                0x001071d0                rbtree_init
 .text.decode_utf16
                0x001071e4       0x60 c:/devkitPro/libctru/lib\libctru.a(decode_utf16.o)
                0x001071e4                decode_utf16
 .text.__libctru_exit
                0x00107244       0xa4 c:/devkitPro/libctru/lib\libctru.a(ctru_exit.o)
                0x00107244                __libctru_exit
 .text.__appExit
                0x001072e8       0x1c c:/devkitPro/libctru/lib\libctru.a(appExit.o)
                0x001072e8                __appExit
 .text.osGetMemRegionSize
                0x00107304       0x58 c:/devkitPro/libctru/lib\libctru.a(allocateHeaps.o)
 .text.__system_allocateHeaps
                0x0010735c      0x104 c:/devkitPro/libctru/lib\libctru.a(allocateHeaps.o)
                0x0010735c                __system_allocateHeaps
 .text.__ctru_get_reent
                0x00107460       0x30 c:/devkitPro/libctru/lib\libctru.a(syscalls.o)
 .text.__system_initSyscalls
                0x00107490       0xe4 c:/devkitPro/libctru/lib\libctru.a(syscalls.o)
                0x00107490                __system_initSyscalls
 .text.__appInit
                0x00107574       0x1c c:/devkitPro/libctru/lib\libctru.a(appInit.o)
                0x00107574                __appInit
 .text._ZN7MemPool13CoalesceRightEP8MemBlock
                0x00107590       0x98 c:/devkitPro/libctru/lib\libctru.a(mem_pool.o)
                0x00107590                MemPool::CoalesceRight(MemBlock*)
 .text._ZN7MemPool8AllocateER8MemChunkmi
                0x00107628      0x178 c:/devkitPro/libctru/lib\libctru.a(mem_pool.o)
                0x00107628                MemPool::Allocate(MemChunk&, unsigned long, int)
 .text._ZN7MemPool10DeallocateERK8MemChunk
                0x001077a0      0x100 c:/devkitPro/libctru/lib\libctru.a(mem_pool.o)
                0x001077a0                MemPool::Deallocate(MemChunk const&)
 .text.sdmc_link
                0x001078a0       0x10 c:/devkitPro/libctru/lib\libctru.a(sdmc_dev.o)
 .text.sdmc_dirreset
                0x001078b0       0x10 c:/devkitPro/libctru/lib\libctru.a(sdmc_dev.o)
 .text.sdmc_fchmod
                0x001078c0       0x10 c:/devkitPro/libctru/lib\libctru.a(sdmc_dev.o)
 .text.error_cmp
                0x001078d0       0x24 c:/devkitPro/libctru/lib\libctru.a(sdmc_dev.o)
 .text.sdmc_translate_error
                0x001078f4       0x50 c:/devkitPro/libctru/lib\libctru.a(sdmc_dev.o)
 .text.sdmc_fsync
                0x00107944       0x34 c:/devkitPro/libctru/lib\libctru.a(sdmc_dev.o)
 .text.sdmc_ftruncate
                0x00107978       0x54 c:/devkitPro/libctru/lib\libctru.a(sdmc_dev.o)
 .text.sdmc_statvfs
                0x001079cc       0xb8 c:/devkitPro/libctru/lib\libctru.a(sdmc_dev.o)
 .text.sdmc_dirclose
                0x00107a84       0x38 c:/devkitPro/libctru/lib\libctru.a(sdmc_dev.o)
 .text.sdmc_dirnext
                0x00107abc      0x138 c:/devkitPro/libctru/lib\libctru.a(sdmc_dev.o)
 .text.sdmc_close
                0x00107bf4       0x34 c:/devkitPro/libctru/lib\libctru.a(sdmc_dev.o)
 .text.sdmc_fstat
                0x00107c28       0x74 c:/devkitPro/libctru/lib\libctru.a(sdmc_dev.o)
 .text.sdmc_seek
                0x00107c9c       0xd8 c:/devkitPro/libctru/lib\libctru.a(sdmc_dev.o)
 .text.sdmc_read
                0x00107d74       0x84 c:/devkitPro/libctru/lib\libctru.a(sdmc_dev.o)
 .text.sdmc_write
                0x00107df8       0xb8 c:/devkitPro/libctru/lib\libctru.a(sdmc_dev.o)
 .text.sdmc_utf16path
                0x00107eb0      0x1b4 c:/devkitPro/libctru/lib\libctru.a(sdmc_dev.o)
 .text.sdmc_rmdir
                0x00108064       0x74 c:/devkitPro/libctru/lib\libctru.a(sdmc_dev.o)
 .text.sdmc_diropen
                0x001080d8       0xa4 c:/devkitPro/libctru/lib\libctru.a(sdmc_dev.o)
 .text.sdmc_chdir
                0x0010817c       0xa0 c:/devkitPro/libctru/lib\libctru.a(sdmc_dev.o)
 .text.sdmc_mkdir
                0x0010821c       0x98 c:/devkitPro/libctru/lib\libctru.a(sdmc_dev.o)
 .text.sdmc_rename
                0x001082b4      0x108 c:/devkitPro/libctru/lib\libctru.a(sdmc_dev.o)
 .text.sdmc_unlink
                0x001083bc       0x74 c:/devkitPro/libctru/lib\libctru.a(sdmc_dev.o)
 .text.sdmc_stat
                0x00108430      0x108 c:/devkitPro/libctru/lib\libctru.a(sdmc_dev.o)
 .text.sdmc_open
                0x00108538      0x188 c:/devkitPro/libctru/lib\libctru.a(sdmc_dev.o)
 .text.sdmc_chmod
                0x001086c0       0x10 c:/devkitPro/libctru/lib\libctru.a(sdmc_dev.o)
 .text.sdmcInit
                0x001086d0      0x15c c:/devkitPro/libctru/lib\libctru.a(sdmc_dev.o)
                0x001086d0                sdmcInit
 .text.sdmcExit
                0x0010882c       0x58 c:/devkitPro/libctru/lib\libctru.a(sdmc_dev.o)
                0x0010882c                sdmcExit
 .text.fsSessionForArchive.part.0
                0x00108884       0x28 c:/devkitPro/libctru/lib\libctru.a(fs.o)
 .text.fsInit   0x001088ac       0xc8 c:/devkitPro/libctru/lib\libctru.a(fs.o)
                0x001088ac                fsInit
 .text.fsExit   0x00108974       0x38 c:/devkitPro/libctru/lib\libctru.a(fs.o)
                0x00108974                fsExit
 .text.fsExemptFromSession
                0x001089ac       0xa0 c:/devkitPro/libctru/lib\libctru.a(fs.o)
                0x001089ac                fsExemptFromSession
 .text.fsUnexemptFromSession
                0x00108a4c       0x54 c:/devkitPro/libctru/lib\libctru.a(fs.o)
                0x00108a4c                fsUnexemptFromSession
 .text.FSUSER_OpenFile
                0x00108aa0       0xbc c:/devkitPro/libctru/lib\libctru.a(fs.o)
                0x00108aa0                FSUSER_OpenFile
 .text.FSUSER_DeleteFile
                0x00108b5c       0xa4 c:/devkitPro/libctru/lib\libctru.a(fs.o)
                0x00108b5c                FSUSER_DeleteFile
 .text.FSUSER_RenameFile
                0x00108c00       0xe0 c:/devkitPro/libctru/lib\libctru.a(fs.o)
                0x00108c00                FSUSER_RenameFile
 .text.FSUSER_DeleteDirectory
                0x00108ce0       0xa4 c:/devkitPro/libctru/lib\libctru.a(fs.o)
                0x00108ce0                FSUSER_DeleteDirectory
 .text.FSUSER_CreateFile
                0x00108d84       0xbc c:/devkitPro/libctru/lib\libctru.a(fs.o)
                0x00108d84                FSUSER_CreateFile
 .text.FSUSER_CreateDirectory
                0x00108e40       0xac c:/devkitPro/libctru/lib\libctru.a(fs.o)
                0x00108e40                FSUSER_CreateDirectory
 .text.FSUSER_RenameDirectory
                0x00108eec       0xe0 c:/devkitPro/libctru/lib\libctru.a(fs.o)
                0x00108eec                FSUSER_RenameDirectory
 .text.FSUSER_OpenDirectory
                0x00108fcc       0xa4 c:/devkitPro/libctru/lib\libctru.a(fs.o)
                0x00108fcc                FSUSER_OpenDirectory
 .text.FSUSER_OpenArchive
                0x00109070       0x98 c:/devkitPro/libctru/lib\libctru.a(fs.o)
                0x00109070                FSUSER_OpenArchive
 .text.FSUSER_CloseArchive
                0x00109108       0x74 c:/devkitPro/libctru/lib\libctru.a(fs.o)
                0x00109108                FSUSER_CloseArchive
 .text.FSUSER_GetSdmcArchiveResource
                0x0010917c       0x78 c:/devkitPro/libctru/lib\libctru.a(fs.o)
                0x0010917c                FSUSER_GetSdmcArchiveResource
 .text.FSUSER_IsSdmcWritable
                0x001091f4       0x64 c:/devkitPro/libctru/lib\libctru.a(fs.o)
                0x001091f4                FSUSER_IsSdmcWritable
 .text.FSFILE_Read
                0x00109258       0x5c c:/devkitPro/libctru/lib\libctru.a(fs.o)
                0x00109258                FSFILE_Read
 .text.FSFILE_Write
                0x001092b4       0x64 c:/devkitPro/libctru/lib\libctru.a(fs.o)
                0x001092b4                FSFILE_Write
 .text.FSFILE_GetSize
                0x00109318       0x3c c:/devkitPro/libctru/lib\libctru.a(fs.o)
                0x00109318                FSFILE_GetSize
 .text.FSFILE_SetSize
                0x00109354       0x2c c:/devkitPro/libctru/lib\libctru.a(fs.o)
                0x00109354                FSFILE_SetSize
 .text.FSFILE_Close
                0x00109380       0x3c c:/devkitPro/libctru/lib\libctru.a(fs.o)
                0x00109380                FSFILE_Close
 .text.FSFILE_Flush
                0x001093bc       0x24 c:/devkitPro/libctru/lib\libctru.a(fs.o)
                0x001093bc                FSFILE_Flush
 .text.FSDIR_Read
                0x001093e0       0x54 c:/devkitPro/libctru/lib\libctru.a(fs.o)
                0x001093e0                FSDIR_Read
 .text.FSDIR_Close
                0x00109434       0x3c c:/devkitPro/libctru/lib\libctru.a(fs.o)
                0x00109434                FSDIR_Close
 .text.__aeabi_read_tp
                0x00109470        0xc c:/devkitPro/libctru/lib\libctru.a(readtp.o)
                0x00109470                __aeabi_read_tp
 .text.__udivmoddi4
                0x0010947c      0x128 c:/devkitpro/devkitarm/bin/../lib/gcc/arm-none-eabi/6.3.0/armv6k/fpu\libgcc.a(_udivmoddi4.o)
                0x0010947c                __udivmoddi4
 .text.bsearch  0x001095a4       0x74 c:/devkitpro/devkitarm/bin/../lib/gcc/arm-none-eabi/6.3.0/../../../../arm-none-eabi/lib/armv6k/fpu\libg.a(lib_a-bsearch.o)
                0x001095a4                bsearch
 .text.__errno  0x00109618        0xc c:/devkitpro/devkitarm/bin/../lib/gcc/arm-none-eabi/6.3.0/../../../../arm-none-eabi/lib/armv6k/fpu\libg.a(lib_a-errno.o)
                0x00109618                __errno
 .text._fclose_r
                0x00109624      0x154 c:/devkitpro/devkitarm/bin/../lib/gcc/arm-none-eabi/6.3.0/../../../../arm-none-eabi/lib/armv6k/fpu\libg.a(lib_a-fclose.o)
                0x00109624                _fclose_r
 .text.fclose   0x00109778       0x18 c:/devkitpro/devkitarm/bin/../lib/gcc/arm-none-eabi/6.3.0/../../../../arm-none-eabi/lib/armv6k/fpu\libg.a(lib_a-fclose.o)
                0x00109778                fclose
 .text.__sflush_r
                0x00109790      0x254 c:/devkitpro/devkitarm/bin/../lib/gcc/arm-none-eabi/6.3.0/../../../../arm-none-eabi/lib/armv6k/fpu\libg.a(lib_a-fflush.o)
                0x00109790                __sflush_r
 .text._fflush_r
                0x001099e4       0x94 c:/devkitpro/devkitarm/bin/../lib/gcc/arm-none-eabi/6.3.0/../../../../arm-none-eabi/lib/armv6k/fpu\libg.a(lib_a-fflush.o)
                0x001099e4                _fflush_r
 .text.fflush   0x00109a78       0x38 c:/devkitpro/devkitarm/bin/../lib/gcc/arm-none-eabi/6.3.0/../../../../arm-none-eabi/lib/armv6k/fpu\libg.a(lib_a-fflush.o)
                0x00109a78                fflush
 .text._cleanup_r
                0x00109ab0        0xc c:/devkitpro/devkitarm/bin/../lib/gcc/arm-none-eabi/6.3.0/../../../../arm-none-eabi/lib/armv6k/fpu\libg.a(lib_a-findfp.o)
                0x00109ab0                _cleanup_r
 .text.std.isra.0
                0x00109abc       0x80 c:/devkitpro/devkitarm/bin/../lib/gcc/arm-none-eabi/6.3.0/../../../../arm-none-eabi/lib/armv6k/fpu\libg.a(lib_a-findfp.o)
 .text.__sfmoreglue
                0x00109b3c       0x48 c:/devkitpro/devkitarm/bin/../lib/gcc/arm-none-eabi/6.3.0/../../../../arm-none-eabi/lib/armv6k/fpu\libg.a(lib_a-findfp.o)
                0x00109b3c                __sfmoreglue
 .text.__sinit  0x00109b84       0x8c c:/devkitpro/devkitarm/bin/../lib/gcc/arm-none-eabi/6.3.0/../../../../arm-none-eabi/lib/armv6k/fpu\libg.a(lib_a-findfp.o)
                0x00109b84                __sinit
 .text.__sfp    0x00109c10      0x118 c:/devkitpro/devkitarm/bin/../lib/gcc/arm-none-eabi/6.3.0/../../../../arm-none-eabi/lib/armv6k/fpu\libg.a(lib_a-findfp.o)
                0x00109c10                __sfp
 .text.__sfp_lock_acquire
                0x00109d28        0xc c:/devkitpro/devkitarm/bin/../lib/gcc/arm-none-eabi/6.3.0/../../../../arm-none-eabi/lib/armv6k/fpu\libg.a(lib_a-findfp.o)
                0x00109d28                __sfp_lock_acquire
 .text.__sfp_lock_release
                0x00109d34        0xc c:/devkitpro/devkitarm/bin/../lib/gcc/arm-none-eabi/6.3.0/../../../../arm-none-eabi/lib/armv6k/fpu\libg.a(lib_a-findfp.o)
                0x00109d34                __sfp_lock_release
 .text.__libc_fini_array
                0x00109d40       0x40 c:/devkitpro/devkitarm/bin/../lib/gcc/arm-none-eabi/6.3.0/../../../../arm-none-eabi/lib/armv6k/fpu\libg.a(lib_a-fini.o)
                0x00109d40                __libc_fini_array
 .text._fopen_r
                0x00109d80      0x148 c:/devkitpro/devkitarm/bin/../lib/gcc/arm-none-eabi/6.3.0/../../../../arm-none-eabi/lib/armv6k/fpu\libg.a(lib_a-fopen.o)
                0x00109d80                _fopen_r
 .text.fopen    0x00109ec8       0x20 c:/devkitpro/devkitarm/bin/../lib/gcc/arm-none-eabi/6.3.0/../../../../arm-none-eabi/lib/armv6k/fpu\libg.a(lib_a-fopen.o)
                0x00109ec8                fopen
 .text.fprintf  0x00109ee8       0x3c c:/devkitpro/devkitarm/bin/../lib/gcc/arm-none-eabi/6.3.0/../../../../arm-none-eabi/lib/armv6k/fpu\libg.a(lib_a-fprintf.o)
                0x00109ee8                fprintf
 .text._malloc_trim_r
                0x00109f24       0xf8 c:/devkitpro/devkitarm/bin/../lib/gcc/arm-none-eabi/6.3.0/../../../../arm-none-eabi/lib/armv6k/fpu\libg.a(lib_a-freer.o)
                0x00109f24                _malloc_trim_r
 .text._free_r  0x0010a01c      0x2e4 c:/devkitpro/devkitarm/bin/../lib/gcc/arm-none-eabi/6.3.0/../../../../arm-none-eabi/lib/armv6k/fpu\libg.a(lib_a-freer.o)
                0x0010a01c                _free_r
 .text.fscanf   0x0010a300       0x3c c:/devkitpro/devkitarm/bin/../lib/gcc/arm-none-eabi/6.3.0/../../../../arm-none-eabi/lib/armv6k/fpu\libg.a(lib_a-fscanf.o)
                0x0010a300                fscanf
 .text._fseek_r
                0x0010a33c        0x4 c:/devkitpro/devkitarm/bin/../lib/gcc/arm-none-eabi/6.3.0/../../../../arm-none-eabi/lib/armv6k/fpu\libg.a(lib_a-fseek.o)
                0x0010a33c                _fseek_r
 .text._fseeko_r
                0x0010a340      0x5d4 c:/devkitpro/devkitarm/bin/../lib/gcc/arm-none-eabi/6.3.0/../../../../arm-none-eabi/lib/armv6k/fpu\libg.a(lib_a-fseeko.o)
                0x0010a340                _fseeko_r
 .text._fwalk   0x0010a914       0x78 c:/devkitpro/devkitarm/bin/../lib/gcc/arm-none-eabi/6.3.0/../../../../arm-none-eabi/lib/armv6k/fpu\libg.a(lib_a-fwalk.o)
                0x0010a914                _fwalk
 .text._fwalk_reent
                0x0010a98c       0x80 c:/devkitpro/devkitarm/bin/../lib/gcc/arm-none-eabi/6.3.0/../../../../arm-none-eabi/lib/armv6k/fpu\libg.a(lib_a-fwalk.o)
                0x0010a98c                _fwalk_reent
 .text._fwrite_r
                0x0010aa0c       0xf4 c:/devkitpro/devkitarm/bin/../lib/gcc/arm-none-eabi/6.3.0/../../../../arm-none-eabi/lib/armv6k/fpu\libg.a(lib_a-fwrite.o)
                0x0010aa0c                _fwrite_r
 .text.fwrite   0x0010ab00       0x38 c:/devkitpro/devkitarm/bin/../lib/gcc/arm-none-eabi/6.3.0/../../../../arm-none-eabi/lib/armv6k/fpu\libg.a(lib_a-fwrite.o)
                0x0010ab00                fwrite
 .text.__libc_init_array
                0x0010ab38       0x78 c:/devkitpro/devkitarm/bin/../lib/gcc/arm-none-eabi/6.3.0/../../../../arm-none-eabi/lib/armv6k/fpu\libg.a(lib_a-init.o)
                0x0010ab38                __libc_init_array
 .text.iprintf  0x0010abb0       0x38 c:/devkitpro/devkitarm/bin/../lib/gcc/arm-none-eabi/6.3.0/../../../../arm-none-eabi/lib/armv6k/fpu\libg.a(lib_a-iprintf.o)
                0x0010abb0                iprintf
 .text.__swhatbuf_r
                0x0010abe8       0x94 c:/devkitpro/devkitarm/bin/../lib/gcc/arm-none-eabi/6.3.0/../../../../arm-none-eabi/lib/armv6k/fpu\libg.a(lib_a-makebuf.o)
                0x0010abe8                __swhatbuf_r
 .text.__smakebuf_r
                0x0010ac7c       0xf4 c:/devkitpro/devkitarm/bin/../lib/gcc/arm-none-eabi/6.3.0/../../../../arm-none-eabi/lib/armv6k/fpu\libg.a(lib_a-makebuf.o)
                0x0010ac7c                __smakebuf_r
 .text.memalign
                0x0010ad70       0x20 c:/devkitpro/devkitarm/bin/../lib/gcc/arm-none-eabi/6.3.0/../../../../arm-none-eabi/lib/armv6k/fpu\libg.a(lib_a-malign.o)
                0x0010ad70                memalign
 .text._memalign_r
                0x0010ad90      0x158 c:/devkitpro/devkitarm/bin/../lib/gcc/arm-none-eabi/6.3.0/../../../../arm-none-eabi/lib/armv6k/fpu\libg.a(lib_a-malignr.o)
                0x0010ad90                _memalign_r
 .text.malloc   0x0010aee8       0x18 c:/devkitpro/devkitarm/bin/../lib/gcc/arm-none-eabi/6.3.0/../../../../arm-none-eabi/lib/armv6k/fpu\libg.a(lib_a-malloc.o)
                0x0010aee8                malloc
 .text.free     0x0010af00       0x18 c:/devkitpro/devkitarm/bin/../lib/gcc/arm-none-eabi/6.3.0/../../../../arm-none-eabi/lib/armv6k/fpu\libg.a(lib_a-malloc.o)
                0x0010af00                free
 .text._malloc_r
                0x0010af18      0x78c c:/devkitpro/devkitarm/bin/../lib/gcc/arm-none-eabi/6.3.0/../../../../arm-none-eabi/lib/armv6k/fpu\libg.a(lib_a-mallocr.o)
                0x0010af18                _malloc_r
 .text.memchr   0x0010b6a4      0x104 c:/devkitpro/devkitarm/bin/../lib/gcc/arm-none-eabi/6.3.0/../../../../arm-none-eabi/lib/armv6k/fpu\libg.a(lib_a-memchr-stub.o)
                0x0010b6a4                memchr
 .text.memcpy   0x0010b7a8      0x114 c:/devkitpro/devkitarm/bin/../lib/gcc/arm-none-eabi/6.3.0/../../../../arm-none-eabi/lib/armv6k/fpu\libg.a(lib_a-memcpy-stub.o)
                0x0010b7a8                memcpy
 .text.memset   0x0010b8bc      0x110 c:/devkitpro/devkitarm/bin/../lib/gcc/arm-none-eabi/6.3.0/../../../../arm-none-eabi/lib/armv6k/fpu\libg.a(lib_a-memset.o)
                0x0010b8bc                memset
 .text.__malloc_lock
                0x0010b9cc        0xc c:/devkitpro/devkitarm/bin/../lib/gcc/arm-none-eabi/6.3.0/../../../../arm-none-eabi/lib/armv6k/fpu\libg.a(lib_a-mlock.o)
                0x0010b9cc                __malloc_lock
 .text.__malloc_unlock
                0x0010b9d8        0xc c:/devkitpro/devkitarm/bin/../lib/gcc/arm-none-eabi/6.3.0/../../../../arm-none-eabi/lib/armv6k/fpu\libg.a(lib_a-mlock.o)
                0x0010b9d8                __malloc_unlock
 .text.printf   0x0010b9e4       0x38 c:/devkitpro/devkitarm/bin/../lib/gcc/arm-none-eabi/6.3.0/../../../../arm-none-eabi/lib/armv6k/fpu\libg.a(lib_a-printf.o)
                0x0010b9e4                printf
 .text.putchar  0x0010ba1c       0x1c c:/devkitpro/devkitarm/bin/../lib/gcc/arm-none-eabi/6.3.0/../../../../arm-none-eabi/lib/armv6k/fpu\libg.a(lib_a-putchar.o)
                0x0010ba1c                putchar
 .text._putc_r  0x0010ba38       0xd4 c:/devkitpro/devkitarm/bin/../lib/gcc/arm-none-eabi/6.3.0/../../../../arm-none-eabi/lib/armv6k/fpu\libg.a(lib_a-putc.o)
                0x0010ba38                _putc_r
 .text._puts_r  0x0010bb0c       0xe0 c:/devkitpro/devkitarm/bin/../lib/gcc/arm-none-eabi/6.3.0/../../../../arm-none-eabi/lib/armv6k/fpu\libg.a(lib_a-puts.o)
                0x0010bb0c                _puts_r
 .text.puts     0x0010bbec       0x18 c:/devkitpro/devkitarm/bin/../lib/gcc/arm-none-eabi/6.3.0/../../../../arm-none-eabi/lib/armv6k/fpu\libg.a(lib_a-puts.o)
                0x0010bbec                puts
 .text.lflush   0x0010bc04       0x1c c:/devkitpro/devkitarm/bin/../lib/gcc/arm-none-eabi/6.3.0/../../../../arm-none-eabi/lib/armv6k/fpu\libg.a(lib_a-refill.o)
 .text.__srefill_r
                0x0010bc20      0x1b4 c:/devkitpro/devkitarm/bin/../lib/gcc/arm-none-eabi/6.3.0/../../../../arm-none-eabi/lib/armv6k/fpu\libg.a(lib_a-refill.o)
                0x0010bc20                __srefill_r
 .text.setvbuf  0x0010bdd4      0x258 c:/devkitpro/devkitarm/bin/../lib/gcc/arm-none-eabi/6.3.0/../../../../arm-none-eabi/lib/armv6k/fpu\libg.a(lib_a-setvbuf.o)
                0x0010bdd4                setvbuf
 .text.sprintf  0x0010c02c       0x68 c:/devkitpro/devkitarm/bin/../lib/gcc/arm-none-eabi/6.3.0/../../../../arm-none-eabi/lib/armv6k/fpu\libg.a(lib_a-sprintf.o)
                0x0010c02c                sprintf
 .text.sscanf   0x0010c094       0x74 c:/devkitpro/devkitarm/bin/../lib/gcc/arm-none-eabi/6.3.0/../../../../arm-none-eabi/lib/armv6k/fpu\libg.a(lib_a-sscanf.o)
                0x0010c094                sscanf
 .text.__sread  0x0010c108       0x3c c:/devkitpro/devkitarm/bin/../lib/gcc/arm-none-eabi/6.3.0/../../../../arm-none-eabi/lib/armv6k/fpu\libg.a(lib_a-stdio.o)
                0x0010c108                __sread
 .text.__seofread
                0x0010c144        0x8 c:/devkitpro/devkitarm/bin/../lib/gcc/arm-none-eabi/6.3.0/../../../../arm-none-eabi/lib/armv6k/fpu\libg.a(lib_a-stdio.o)
                0x0010c144                __seofread
 .text.__swrite
                0x0010c14c       0x64 c:/devkitpro/devkitarm/bin/../lib/gcc/arm-none-eabi/6.3.0/../../../../arm-none-eabi/lib/armv6k/fpu\libg.a(lib_a-stdio.o)
                0x0010c14c                __swrite
 .text.__sseek  0x0010c1b0       0x4c c:/devkitpro/devkitarm/bin/../lib/gcc/arm-none-eabi/6.3.0/../../../../arm-none-eabi/lib/armv6k/fpu\libg.a(lib_a-stdio.o)
                0x0010c1b0                __sseek
 .text.__sclose
                0x0010c1fc        0x8 c:/devkitpro/devkitarm/bin/../lib/gcc/arm-none-eabi/6.3.0/../../../../arm-none-eabi/lib/armv6k/fpu\libg.a(lib_a-stdio.o)
                0x0010c1fc                __sclose
 .text.strcpy   0x0010c204       0xf0 c:/devkitpro/devkitarm/bin/../lib/gcc/arm-none-eabi/6.3.0/../../../../arm-none-eabi/lib/armv6k/fpu\libg.a(lib_a-strcpy.o)
                0x0010c204                strcpy
 .text.strlen   0x0010c2f4       0x5c c:/devkitpro/devkitarm/bin/../lib/gcc/arm-none-eabi/6.3.0/../../../../arm-none-eabi/lib/armv6k/fpu\libg.a(lib_a-strlen-stub.o)
                0x0010c2f4                strlen
 .text.strncat  0x0010c350       0x9c c:/devkitpro/devkitarm/bin/../lib/gcc/arm-none-eabi/6.3.0/../../../../arm-none-eabi/lib/armv6k/fpu\libg.a(lib_a-strncat.o)
                0x0010c350                strncat
 .text.strncpy  0x0010c3ec       0xd8 c:/devkitpro/devkitarm/bin/../lib/gcc/arm-none-eabi/6.3.0/../../../../arm-none-eabi/lib/armv6k/fpu\libg.a(lib_a-strncpy.o)
                0x0010c3ec                strncpy
 .text.get_arg  0x0010c4c4     0x1624 c:/devkitpro/devkitarm/bin/../lib/gcc/arm-none-eabi/6.3.0/../../../../arm-none-eabi/lib/armv6k/fpu\libg.a(lib_a-svfprintf.o)
 .text._svfprintf_r
                0x0010dae8     0x41c4 c:/devkitpro/devkitarm/bin/../lib/gcc/arm-none-eabi/6.3.0/../../../../arm-none-eabi/lib/armv6k/fpu\libg.a(lib_a-svfprintf.o)
                0x0010dae8                _svfprintf_r
 .text.__ssvfscanf_r
                0x00111cac     0x290c c:/devkitpro/devkitarm/bin/../lib/gcc/arm-none-eabi/6.3.0/../../../../arm-none-eabi/lib/armv6k/fpu\libg.a(lib_a-svfscanf.o)
                0x00111cac                __ssvfscanf_r
 .text.get_arg  0x001145b8     0x1624 c:/devkitpro/devkitarm/bin/../lib/gcc/arm-none-eabi/6.3.0/../../../../arm-none-eabi/lib/armv6k/fpu\libg.a(lib_a-vfiprintf.o)
 .text.__sprint_r.part.0
                0x00115bdc       0x1c c:/devkitpro/devkitarm/bin/../lib/gcc/arm-none-eabi/6.3.0/../../../../arm-none-eabi/lib/armv6k/fpu\libg.a(lib_a-vfiprintf.o)
 .text.__sprint_r
                0x00115bf8       0x1c c:/devkitpro/devkitarm/bin/../lib/gcc/arm-none-eabi/6.3.0/../../../../arm-none-eabi/lib/armv6k/fpu\libg.a(lib_a-vfiprintf.o)
                0x00115bf8                __sprint_r
 .text._vfiprintf_r
                0x00115c14     0x2de8 c:/devkitpro/devkitarm/bin/../lib/gcc/arm-none-eabi/6.3.0/../../../../arm-none-eabi/lib/armv6k/fpu\libg.a(lib_a-vfiprintf.o)
                0x00115c14                _vfiprintf_r
 .text.__sbprintf
                0x001189fc       0xcc c:/devkitpro/devkitarm/bin/../lib/gcc/arm-none-eabi/6.3.0/../../../../arm-none-eabi/lib/armv6k/fpu\libg.a(lib_a-vfiprintf.o)
 .text.get_arg  0x00118ac8     0x1624 c:/devkitpro/devkitarm/bin/../lib/gcc/arm-none-eabi/6.3.0/../../../../arm-none-eabi/lib/armv6k/fpu\libg.a(lib_a-vfprintf.o)
 *fill*         0x0011a0ec        0x4 
 .text._vfprintf_r
                0x0011a0f0     0x4314 c:/devkitpro/devkitarm/bin/../lib/gcc/arm-none-eabi/6.3.0/../../../../arm-none-eabi/lib/armv6k/fpu\libg.a(lib_a-vfprintf.o)
                0x0011a0f0                _vfprintf_r
 .text.__sbprintf
                0x0011e404       0xcc c:/devkitpro/devkitarm/bin/../lib/gcc/arm-none-eabi/6.3.0/../../../../arm-none-eabi/lib/armv6k/fpu\libg.a(lib_a-vfprintf.o)
 .text.__svfscanf_r
                0x0011e4d0     0x29a4 c:/devkitpro/devkitarm/bin/../lib/gcc/arm-none-eabi/6.3.0/../../../../arm-none-eabi/lib/armv6k/fpu\libg.a(lib_a-vfscanf.o)
                0x0011e4d0                __svfscanf_r
 .text._vfscanf_r
                0x00120e74       0x38 c:/devkitpro/devkitarm/bin/../lib/gcc/arm-none-eabi/6.3.0/../../../../arm-none-eabi/lib/armv6k/fpu\libg.a(lib_a-vfscanf.o)
                0x00120e74                _vfscanf_r
 .text.__swbuf_r
                0x00120eac      0x108 c:/devkitpro/devkitarm/bin/../lib/gcc/arm-none-eabi/6.3.0/../../../../arm-none-eabi/lib/armv6k/fpu\libg.a(lib_a-wbuf.o)
                0x00120eac                __swbuf_r
 .text._wcrtomb_r
                0x00120fb4       0xa0 c:/devkitpro/devkitarm/bin/../lib/gcc/arm-none-eabi/6.3.0/../../../../arm-none-eabi/lib/armv6k/fpu\libg.a(lib_a-wcrtomb.o)
                0x00120fb4                _wcrtomb_r
 .text._wcsrtombs_r
                0x00121054       0x20 c:/devkitpro/devkitarm/bin/../lib/gcc/arm-none-eabi/6.3.0/../../../../arm-none-eabi/lib/armv6k/fpu\libg.a(lib_a-wcsrtombs.o)
                0x00121054                _wcsrtombs_r
 .text.__swsetup_r
                0x00121074      0x144 c:/devkitpro/devkitarm/bin/../lib/gcc/arm-none-eabi/6.3.0/../../../../arm-none-eabi/lib/armv6k/fpu\libg.a(lib_a-wsetup.o)
                0x00121074                __swsetup_r
 .text.quorem   0x001211b8      0x1d0 c:/devkitpro/devkitarm/bin/../lib/gcc/arm-none-eabi/6.3.0/../../../../arm-none-eabi/lib/armv6k/fpu\libg.a(lib_a-dtoa.o)
 .text._dtoa_r  0x00121388     0x1260 c:/devkitpro/devkitarm/bin/../lib/gcc/arm-none-eabi/6.3.0/../../../../arm-none-eabi/lib/armv6k/fpu\libg.a(lib_a-dtoa.o)
                0x00121388                _dtoa_r
 .text.__sflags
                0x001225e8       0xb0 c:/devkitpro/devkitarm/bin/../lib/gcc/arm-none-eabi/6.3.0/../../../../arm-none-eabi/lib/armv6k/fpu\libg.a(lib_a-flags.o)
                0x001225e8                __sflags
 .text._fread_r
                0x00122698      0x2d4 c:/devkitpro/devkitarm/bin/../lib/gcc/arm-none-eabi/6.3.0/../../../../arm-none-eabi/lib/armv6k/fpu\libg.a(lib_a-fread.o)
                0x00122698                _fread_r
 .text.__sfvwrite_r
                0x0012296c      0x4ac c:/devkitpro/devkitarm/bin/../lib/gcc/arm-none-eabi/6.3.0/../../../../arm-none-eabi/lib/armv6k/fpu\libg.a(lib_a-fvwrite.o)
                0x0012296c                __sfvwrite_r
 .text.iswspace
                0x00122e18       0x74 c:/devkitpro/devkitarm/bin/../lib/gcc/arm-none-eabi/6.3.0/../../../../arm-none-eabi/lib/armv6k/fpu\libg.a(lib_a-iswspace.o)
                0x00122e18                iswspace
 .text.__jp2uc  0x00122e8c      0x204 c:/devkitpro/devkitarm/bin/../lib/gcc/arm-none-eabi/6.3.0/../../../../arm-none-eabi/lib/armv6k/fpu\libg.a(lib_a-jp2uc.o)
 .text._jp2uc   0x00123090       0xc8 c:/devkitpro/devkitarm/bin/../lib/gcc/arm-none-eabi/6.3.0/../../../../arm-none-eabi/lib/armv6k/fpu\libg.a(lib_a-jp2uc.o)
                0x00123090                _jp2uc
 .text.__localeconv_l
                0x00123158        0x8 c:/devkitpro/devkitarm/bin/../lib/gcc/arm-none-eabi/6.3.0/../../../../arm-none-eabi/lib/armv6k/fpu\libg.a(lib_a-localeconv.o)
                0x00123158                __localeconv_l
 .text._localeconv_r
                0x00123160       0x24 c:/devkitpro/devkitarm/bin/../lib/gcc/arm-none-eabi/6.3.0/../../../../arm-none-eabi/lib/armv6k/fpu\libg.a(lib_a-localeconv.o)
                0x00123160                _localeconv_r
 .text.__locale_mb_cur_max
                0x00123184       0x24 c:/devkitpro/devkitarm/bin/../lib/gcc/arm-none-eabi/6.3.0/../../../../arm-none-eabi/lib/armv6k/fpu\libg.a(lib_a-locale.o)
                0x00123184                __locale_mb_cur_max
 .text.__locale_ctype_ptr_l
                0x001231a8        0x8 c:/devkitpro/devkitarm/bin/../lib/gcc/arm-none-eabi/6.3.0/../../../../arm-none-eabi/lib/armv6k/fpu\libg.a(lib_a-locale.o)
                0x001231a8                __locale_ctype_ptr_l
 .text.__locale_ctype_ptr
                0x001231b0       0x24 c:/devkitpro/devkitarm/bin/../lib/gcc/arm-none-eabi/6.3.0/../../../../arm-none-eabi/lib/armv6k/fpu\libg.a(lib_a-locale.o)
                0x001231b0                __locale_ctype_ptr
 .text._mbrtowc_r
                0x001231d4       0xb4 c:/devkitpro/devkitarm/bin/../lib/gcc/arm-none-eabi/6.3.0/../../../../arm-none-eabi/lib/armv6k/fpu\libg.a(lib_a-mbrtowc.o)
                0x001231d4                _mbrtowc_r
 .text.__utf8_mbtowc
                0x00123288      0x300 c:/devkitpro/devkitarm/bin/../lib/gcc/arm-none-eabi/6.3.0/../../../../arm-none-eabi/lib/armv6k/fpu\libg.a(lib_a-mbtowc_r.o)
                0x00123288                __utf8_mbtowc
 .text.memmove  0x00123588      0x148 c:/devkitpro/devkitarm/bin/../lib/gcc/arm-none-eabi/6.3.0/../../../../arm-none-eabi/lib/armv6k/fpu\libg.a(lib_a-memmove.o)
                0x00123588                memmove
 .text._Balloc  0x001236d0       0x88 c:/devkitpro/devkitarm/bin/../lib/gcc/arm-none-eabi/6.3.0/../../../../arm-none-eabi/lib/armv6k/fpu\libg.a(lib_a-mprec.o)
                0x001236d0                _Balloc
 .text._Bfree   0x00123758       0x1c c:/devkitpro/devkitarm/bin/../lib/gcc/arm-none-eabi/6.3.0/../../../../arm-none-eabi/lib/armv6k/fpu\libg.a(lib_a-mprec.o)
                0x00123758                _Bfree
 .text.__multadd
                0x00123774       0xd8 c:/devkitpro/devkitarm/bin/../lib/gcc/arm-none-eabi/6.3.0/../../../../arm-none-eabi/lib/armv6k/fpu\libg.a(lib_a-mprec.o)
                0x00123774                __multadd
 .text.__s2b    0x0012384c       0xf0 c:/devkitpro/devkitarm/bin/../lib/gcc/arm-none-eabi/6.3.0/../../../../arm-none-eabi/lib/armv6k/fpu\libg.a(lib_a-mprec.o)
                0x0012384c                __s2b
 .text.__hi0bits
                0x0012393c       0x58 c:/devkitpro/devkitarm/bin/../lib/gcc/arm-none-eabi/6.3.0/../../../../arm-none-eabi/lib/armv6k/fpu\libg.a(lib_a-mprec.o)
                0x0012393c                __hi0bits
 .text.__lo0bits
                0x00123994       0x9c c:/devkitpro/devkitarm/bin/../lib/gcc/arm-none-eabi/6.3.0/../../../../arm-none-eabi/lib/armv6k/fpu\libg.a(lib_a-mprec.o)
                0x00123994                __lo0bits
 .text.__i2b    0x00123a30       0x20 c:/devkitpro/devkitarm/bin/../lib/gcc/arm-none-eabi/6.3.0/../../../../arm-none-eabi/lib/armv6k/fpu\libg.a(lib_a-mprec.o)
                0x00123a30                __i2b
 .text.__multiply
                0x00123a50      0x1cc c:/devkitpro/devkitarm/bin/../lib/gcc/arm-none-eabi/6.3.0/../../../../arm-none-eabi/lib/armv6k/fpu\libg.a(lib_a-mprec.o)
                0x00123a50                __multiply
 .text.__pow5mult
                0x00123c1c      0x100 c:/devkitpro/devkitarm/bin/../lib/gcc/arm-none-eabi/6.3.0/../../../../arm-none-eabi/lib/armv6k/fpu\libg.a(lib_a-mprec.o)
                0x00123c1c                __pow5mult
 .text.__lshift
                0x00123d1c       0xe4 c:/devkitpro/devkitarm/bin/../lib/gcc/arm-none-eabi/6.3.0/../../../../arm-none-eabi/lib/armv6k/fpu\libg.a(lib_a-mprec.o)
                0x00123d1c                __lshift
 .text.__mcmp   0x00123e00       0x60 c:/devkitpro/devkitarm/bin/../lib/gcc/arm-none-eabi/6.3.0/../../../../arm-none-eabi/lib/armv6k/fpu\libg.a(lib_a-mprec.o)
                0x00123e00                __mcmp
 .text.__mdiff  0x00123e60      0x198 c:/devkitpro/devkitarm/bin/../lib/gcc/arm-none-eabi/6.3.0/../../../../arm-none-eabi/lib/armv6k/fpu\libg.a(lib_a-mprec.o)
                0x00123e60                __mdiff
 .text.__ulp    0x00123ff8       0x78 c:/devkitpro/devkitarm/bin/../lib/gcc/arm-none-eabi/6.3.0/../../../../arm-none-eabi/lib/armv6k/fpu\libg.a(lib_a-mprec.o)
                0x00123ff8                __ulp
 .text.__b2d    0x00124070       0xd4 c:/devkitpro/devkitarm/bin/../lib/gcc/arm-none-eabi/6.3.0/../../../../arm-none-eabi/lib/armv6k/fpu\libg.a(lib_a-mprec.o)
                0x00124070                __b2d
 .text.__d2b    0x00124144      0x108 c:/devkitpro/devkitarm/bin/../lib/gcc/arm-none-eabi/6.3.0/../../../../arm-none-eabi/lib/armv6k/fpu\libg.a(lib_a-mprec.o)
                0x00124144                __d2b
 .text.__ratio  0x0012424c       0x7c c:/devkitpro/devkitarm/bin/../lib/gcc/arm-none-eabi/6.3.0/../../../../arm-none-eabi/lib/armv6k/fpu\libg.a(lib_a-mprec.o)
                0x0012424c                __ratio
 .text.__copybits
                0x001242c8       0x6c c:/devkitpro/devkitarm/bin/../lib/gcc/arm-none-eabi/6.3.0/../../../../arm-none-eabi/lib/armv6k/fpu\libg.a(lib_a-mprec.o)
                0x001242c8                __copybits
 .text.__any_on
                0x00124334       0x80 c:/devkitpro/devkitarm/bin/../lib/gcc/arm-none-eabi/6.3.0/../../../../arm-none-eabi/lib/armv6k/fpu\libg.a(lib_a-mprec.o)
                0x00124334                __any_on
 .text._realloc_r
                0x001243b4      0x4cc c:/devkitpro/devkitarm/bin/../lib/gcc/arm-none-eabi/6.3.0/../../../../arm-none-eabi/lib/armv6k/fpu\libg.a(lib_a-reallocr.o)
                0x001243b4                _realloc_r
 .text.__sccl   0x00124880       0xcc c:/devkitpro/devkitarm/bin/../lib/gcc/arm-none-eabi/6.3.0/../../../../arm-none-eabi/lib/armv6k/fpu\libg.a(lib_a-sccl.o)
                0x00124880                __sccl
 .text.nanf     0x0012494c        0xc c:/devkitpro/devkitarm/bin/../lib/gcc/arm-none-eabi/6.3.0/../../../../arm-none-eabi/lib/armv6k/fpu\libg.a(lib_a-sf_nan.o)
                0x0012494c                nanf
 .text.frexp    0x00124958       0x9c c:/devkitpro/devkitarm/bin/../lib/gcc/arm-none-eabi/6.3.0/../../../../arm-none-eabi/lib/armv6k/fpu\libg.a(lib_a-s_frexp.o)
                0x00124958                frexp
 .text.stpncpy  0x001249f4      0x100 c:/devkitpro/devkitarm/bin/../lib/gcc/arm-none-eabi/6.3.0/../../../../arm-none-eabi/lib/armv6k/fpu\libg.a(lib_a-stpncpy.o)
                0x001249f4                stpncpy
 .text.strchr   0x00124af4      0x1ac c:/devkitpro/devkitarm/bin/../lib/gcc/arm-none-eabi/6.3.0/../../../../arm-none-eabi/lib/armv6k/fpu\libg.a(lib_a-strchr.o)
                0x00124af4                strchr
 .text.strncmp  0x00124ca0      0x108 c:/devkitpro/devkitarm/bin/../lib/gcc/arm-none-eabi/6.3.0/../../../../arm-none-eabi/lib/armv6k/fpu\libg.a(lib_a-strncmp.o)
                0x00124ca0                strncmp
 .text.unlikely.sulp
                0x00124da8       0x54 c:/devkitpro/devkitarm/bin/../lib/gcc/arm-none-eabi/6.3.0/../../../../arm-none-eabi/lib/armv6k/fpu\libg.a(lib_a-strtod.o)
 *fill*         0x00124dfc        0x4 
 .text._strtod_l
                0x00124e00     0x1434 c:/devkitpro/devkitarm/bin/../lib/gcc/arm-none-eabi/6.3.0/../../../../arm-none-eabi/lib/armv6k/fpu\libg.a(lib_a-strtod.o)
                0x00124e00                _strtod_l
 .text._strtod_r
                0x00126234       0x3c c:/devkitpro/devkitarm/bin/../lib/gcc/arm-none-eabi/6.3.0/../../../../arm-none-eabi/lib/armv6k/fpu\libg.a(lib_a-strtod.o)
                0x00126234                _strtod_r
 .text._strtoll_l.isra.0
                0x00126270      0x2dc c:/devkitpro/devkitarm/bin/../lib/gcc/arm-none-eabi/6.3.0/../../../../arm-none-eabi/lib/armv6k/fpu\libg.a(lib_a-strtoll.o)
 .text._strtoll_r
                0x0012654c       0x50 c:/devkitpro/devkitarm/bin/../lib/gcc/arm-none-eabi/6.3.0/../../../../arm-none-eabi/lib/armv6k/fpu\libg.a(lib_a-strtoll.o)
                0x0012654c                _strtoll_r
 .text._strtol_l.isra.0
                0x0012659c      0x220 c:/devkitpro/devkitarm/bin/../lib/gcc/arm-none-eabi/6.3.0/../../../../arm-none-eabi/lib/armv6k/fpu\libg.a(lib_a-strtol.o)
 .text._strtol_r
                0x001267bc       0x50 c:/devkitpro/devkitarm/bin/../lib/gcc/arm-none-eabi/6.3.0/../../../../arm-none-eabi/lib/armv6k/fpu\libg.a(lib_a-strtol.o)
                0x001267bc                _strtol_r
 *fill*         0x0012680c        0x4 
 .text._strtoull_l.isra.0
                0x00126810      0x268 c:/devkitpro/devkitarm/bin/../lib/gcc/arm-none-eabi/6.3.0/../../../../arm-none-eabi/lib/armv6k/fpu\libg.a(lib_a-strtoull.o)
 .text._strtoull_r
                0x00126a78       0x50 c:/devkitpro/devkitarm/bin/../lib/gcc/arm-none-eabi/6.3.0/../../../../arm-none-eabi/lib/armv6k/fpu\libg.a(lib_a-strtoull.o)
                0x00126a78                _strtoull_r
 .text._strtoul_l.isra.0
                0x00126ac8      0x1e4 c:/devkitpro/devkitarm/bin/../lib/gcc/arm-none-eabi/6.3.0/../../../../arm-none-eabi/lib/armv6k/fpu\libg.a(lib_a-strtoul.o)
 .text._strtoul_r
                0x00126cac       0x50 c:/devkitpro/devkitarm/bin/../lib/gcc/arm-none-eabi/6.3.0/../../../../arm-none-eabi/lib/armv6k/fpu\libg.a(lib_a-strtoul.o)
                0x00126cac                _strtoul_r
 .text.__ssprint_r
                0x00126cfc      0x188 c:/devkitpro/devkitarm/bin/../lib/gcc/arm-none-eabi/6.3.0/../../../../arm-none-eabi/lib/armv6k/fpu\libg.a(lib_a-svfiprintf.o)
                0x00126cfc                __ssprint_r
 .text._sungetc_r
                0x00126e84       0xe8 c:/devkitpro/devkitarm/bin/../lib/gcc/arm-none-eabi/6.3.0/../../../../arm-none-eabi/lib/armv6k/fpu\libg.a(lib_a-svfiscanf.o)
                0x00126e84                _sungetc_r
 .text.__ssrefill_r
                0x00126f6c       0x6c c:/devkitpro/devkitarm/bin/../lib/gcc/arm-none-eabi/6.3.0/../../../../arm-none-eabi/lib/armv6k/fpu\libg.a(lib_a-svfiscanf.o)
                0x00126f6c                __ssrefill_r
 .text._sfread_r
                0x00126fd8       0xd0 c:/devkitpro/devkitarm/bin/../lib/gcc/arm-none-eabi/6.3.0/../../../../arm-none-eabi/lib/armv6k/fpu\libg.a(lib_a-svfiscanf.o)
                0x00126fd8                _sfread_r
 .text.__submore
                0x001270a8       0xa8 c:/devkitpro/devkitarm/bin/../lib/gcc/arm-none-eabi/6.3.0/../../../../arm-none-eabi/lib/armv6k/fpu\libg.a(lib_a-ungetc.o)
                0x001270a8                __submore
 .text._ungetc_r
                0x00127150      0x1f0 c:/devkitpro/devkitarm/bin/../lib/gcc/arm-none-eabi/6.3.0/../../../../arm-none-eabi/lib/armv6k/fpu\libg.a(lib_a-ungetc.o)
                0x00127150                _ungetc_r
 .text._wcsnrtombs_l
                0x00127340      0x174 c:/devkitpro/devkitarm/bin/../lib/gcc/arm-none-eabi/6.3.0/../../../../arm-none-eabi/lib/armv6k/fpu\libg.a(lib_a-wcsnrtombs.o)
                0x00127340                _wcsnrtombs_l
 .text._wcsnrtombs_r
                0x001274b4       0x64 c:/devkitpro/devkitarm/bin/../lib/gcc/arm-none-eabi/6.3.0/../../../../arm-none-eabi/lib/armv6k/fpu\libg.a(lib_a-wcsnrtombs.o)
                0x001274b4                _wcsnrtombs_r
 .text.__utf8_wctomb
                0x00127518       0xe8 c:/devkitpro/devkitarm/bin/../lib/gcc/arm-none-eabi/6.3.0/../../../../arm-none-eabi/lib/armv6k/fpu\libg.a(lib_a-wctomb_r.o)
                0x00127518                __utf8_wctomb
 .text._calloc_r
                0x00127600       0x90 c:/devkitpro/devkitarm/bin/../lib/gcc/arm-none-eabi/6.3.0/../../../../arm-none-eabi/lib/armv6k/fpu\libg.a(lib_a-callocr.o)
                0x00127600                _calloc_r
 .text.rshift   0x00127690       0xf0 c:/devkitpro/devkitarm/bin/../lib/gcc/arm-none-eabi/6.3.0/../../../../arm-none-eabi/lib/armv6k/fpu\libg.a(lib_a-gdtoa-gethex.o)
 .text.__gethex
                0x00127780      0x7f4 c:/devkitpro/devkitarm/bin/../lib/gcc/arm-none-eabi/6.3.0/../../../../arm-none-eabi/lib/armv6k/fpu\libg.a(lib_a-gdtoa-gethex.o)
                0x00127780                __gethex
 .text.__match  0x00127f74       0x64 c:/devkitpro/devkitarm/bin/../lib/gcc/arm-none-eabi/6.3.0/../../../../arm-none-eabi/lib/armv6k/fpu\libg.a(lib_a-gdtoa-hexnan.o)
                0x00127f74                __match
 .text.__hexnan
                0x00127fd8      0x264 c:/devkitpro/devkitarm/bin/../lib/gcc/arm-none-eabi/6.3.0/../../../../arm-none-eabi/lib/armv6k/fpu\libg.a(lib_a-gdtoa-hexnan.o)
                0x00127fd8                __hexnan
 .text.null_write
                0x0012823c        0x8 c:/devkitpro/devkitarm/bin/../lib/gcc/arm-none-eabi/6.3.0/../../../../arm-none-eabi/lib/armv6k/fpu\libsysbase.a(iosupport.o)
 .text.setDefaultDevice
                0x00128244       0x18 c:/devkitpro/devkitarm/bin/../lib/gcc/arm-none-eabi/6.3.0/../../../../arm-none-eabi/lib/armv6k/fpu\libsysbase.a(iosupport.o)
                0x00128244                setDefaultDevice
 .text.FindDevice
                0x0012825c       0xcc c:/devkitpro/devkitarm/bin/../lib/gcc/arm-none-eabi/6.3.0/../../../../arm-none-eabi/lib/armv6k/fpu\libsysbase.a(iosupport.o)
                0x0012825c                FindDevice
 .text.RemoveDevice
                0x00128328       0x28 c:/devkitpro/devkitarm/bin/../lib/gcc/arm-none-eabi/6.3.0/../../../../arm-none-eabi/lib/armv6k/fpu\libsysbase.a(iosupport.o)
                0x00128328                RemoveDevice
 .text.AddDevice
                0x00128350       0x98 c:/devkitpro/devkitarm/bin/../lib/gcc/arm-none-eabi/6.3.0/../../../../arm-none-eabi/lib/armv6k/fpu\libsysbase.a(iosupport.o)
                0x00128350                AddDevice
 .text._close_r
                0x001283e8       0x84 c:/devkitpro/devkitarm/bin/../lib/gcc/arm-none-eabi/6.3.0/../../../../arm-none-eabi/lib/armv6k/fpu\libsysbase.a(close.o)
                0x001283e8                _close_r
 .text._fstat_r
                0x0012846c       0x7c c:/devkitpro/devkitarm/bin/../lib/gcc/arm-none-eabi/6.3.0/../../../../arm-none-eabi/lib/armv6k/fpu\libsysbase.a(fstat.o)
                0x0012846c                _fstat_r
 .text._isatty_r
                0x001284e8        0x8 c:/devkitpro/devkitarm/bin/../lib/gcc/arm-none-eabi/6.3.0/../../../../arm-none-eabi/lib/armv6k/fpu\libsysbase.a(isatty.o)
                0x001284e8                _isatty_r
 .text._lseek_r
                0x001284f0       0x90 c:/devkitpro/devkitarm/bin/../lib/gcc/arm-none-eabi/6.3.0/../../../../arm-none-eabi/lib/armv6k/fpu\libsysbase.a(lseek.o)
                0x001284f0                _lseek_r
 .text._open_r  0x00128580       0xc0 c:/devkitpro/devkitarm/bin/../lib/gcc/arm-none-eabi/6.3.0/../../../../arm-none-eabi/lib/armv6k/fpu\libsysbase.a(open.o)
                0x00128580                _open_r
 .text._read_r  0x00128640       0x88 c:/devkitpro/devkitarm/bin/../lib/gcc/arm-none-eabi/6.3.0/../../../../arm-none-eabi/lib/armv6k/fpu\libsysbase.a(read.o)
                0x00128640                _read_r
 .text._sbrk_r  0x001286c8       0x70 c:/devkitpro/devkitarm/bin/../lib/gcc/arm-none-eabi/6.3.0/../../../../arm-none-eabi/lib/armv6k/fpu\libsysbase.a(sbrk.o)
                0x001286c8                _sbrk_r
 .text._write_r
                0x00128738       0x88 c:/devkitpro/devkitarm/bin/../lib/gcc/arm-none-eabi/6.3.0/../../../../arm-none-eabi/lib/armv6k/fpu\libsysbase.a(write.o)
                0x00128738                _write_r
 .text._concatenate_path
                0x001287c0      0x1d4 c:/devkitpro/devkitarm/bin/../lib/gcc/arm-none-eabi/6.3.0/../../../../arm-none-eabi/lib/armv6k/fpu\libsysbase.a(chdir.o)
                0x001287c0                _concatenate_path
 .text.chdir    0x00128994      0x15c c:/devkitpro/devkitarm/bin/../lib/gcc/arm-none-eabi/6.3.0/../../../../arm-none-eabi/lib/armv6k/fpu\libsysbase.a(chdir.o)
                0x00128994                chdir
 .text.mkdir    0x00128af0       0x60 c:/devkitpro/devkitarm/bin/../lib/gcc/arm-none-eabi/6.3.0/../../../../arm-none-eabi/lib/armv6k/fpu\libsysbase.a(mkdir.o)
                0x00128af0                mkdir
 .text.__flockfile
                0x00128b50        0x8 c:/devkitpro/devkitarm/bin/../lib/gcc/arm-none-eabi/6.3.0/../../../../arm-none-eabi/lib/armv6k/fpu\libsysbase.a(flock.o)
                0x00128b50                __flockfile
 .text.__funlockfile
                0x00128b58        0x8 c:/devkitpro/devkitarm/bin/../lib/gcc/arm-none-eabi/6.3.0/../../../../arm-none-eabi/lib/armv6k/fpu\libsysbase.a(flock.o)
                0x00128b58                __funlockfile
 .text.__libc_lock_acquire
                0x00128b60       0x18 c:/devkitpro/devkitarm/bin/../lib/gcc/arm-none-eabi/6.3.0/../../../../arm-none-eabi/lib/armv6k/fpu\libsysbase.a(syscall_support.o)
                0x00128b60                __libc_lock_acquire
 .text.__libc_lock_release
                0x00128b78       0x18 c:/devkitpro/devkitarm/bin/../lib/gcc/arm-none-eabi/6.3.0/../../../../arm-none-eabi/lib/armv6k/fpu\libsysbase.a(syscall_support.o)
                0x00128b78                __libc_lock_release
 .text.__libc_lock_init_recursive
                0x00128b90       0x18 c:/devkitpro/devkitarm/bin/../lib/gcc/arm-none-eabi/6.3.0/../../../../arm-none-eabi/lib/armv6k/fpu\libsysbase.a(syscall_support.o)
                0x00128b90                __libc_lock_init_recursive
 .text.__libc_lock_acquire_recursive
                0x00128ba8       0x18 c:/devkitpro/devkitarm/bin/../lib/gcc/arm-none-eabi/6.3.0/../../../../arm-none-eabi/lib/armv6k/fpu\libsysbase.a(syscall_support.o)
                0x00128ba8                __libc_lock_acquire_recursive
 .text.__libc_lock_release_recursive
                0x00128bc0       0x18 c:/devkitpro/devkitarm/bin/../lib/gcc/arm-none-eabi/6.3.0/../../../../arm-none-eabi/lib/armv6k/fpu\libsysbase.a(syscall_support.o)
                0x00128bc0                __libc_lock_release_recursive
 .text.__libc_lock_close_recursive
                0x00128bd8       0x18 c:/devkitpro/devkitarm/bin/../lib/gcc/arm-none-eabi/6.3.0/../../../../arm-none-eabi/lib/armv6k/fpu\libsysbase.a(syscall_support.o)
                0x00128bd8                __libc_lock_close_recursive
 .text.__free_handle
                0x00128bf0       0x4c c:/devkitpro/devkitarm/bin/../lib/gcc/arm-none-eabi/6.3.0/../../../../arm-none-eabi/lib/armv6k/fpu\libsysbase.a(handle_manager.o)
                0x00128bf0                __free_handle
 .text.__release_handle
                0x00128c3c       0x40 c:/devkitpro/devkitarm/bin/../lib/gcc/arm-none-eabi/6.3.0/../../../../arm-none-eabi/lib/armv6k/fpu\libsysbase.a(handle_manager.o)
                0x00128c3c                __release_handle
 .text.__alloc_handle
                0x00128c7c       0xb4 c:/devkitpro/devkitarm/bin/../lib/gcc/arm-none-eabi/6.3.0/../../../../arm-none-eabi/lib/armv6k/fpu\libsysbase.a(handle_manager.o)
                0x00128c7c                __alloc_handle
 .text.__get_handle
                0x00128d30       0x18 c:/devkitpro/devkitarm/bin/../lib/gcc/arm-none-eabi/6.3.0/../../../../arm-none-eabi/lib/armv6k/fpu\libsysbase.a(handle_manager.o)
                0x00128d30                __get_handle
 .text.__getreent
                0x00128d48       0x28 c:/devkitpro/devkitarm/bin/../lib/gcc/arm-none-eabi/6.3.0/../../../../arm-none-eabi/lib/armv6k/fpu\libsysbase.a(getreent.o)
                0x00128d48                __getreent
 .text.strnlen  0x00128d70       0x5c c:/devkitpro/devkitarm/bin/../lib/gcc/arm-none-eabi/6.3.0/../../../../arm-none-eabi/lib/armv6k/fpu\libg.a(lib_a-strnlen.o)
                0x00128d70                strnlen
 .text.strrchr  0x00128dcc       0x44 c:/devkitpro/devkitarm/bin/../lib/gcc/arm-none-eabi/6.3.0/../../../../arm-none-eabi/lib/armv6k/fpu\libg.a(lib_a-strrchr.o)
                0x00128dcc                strrchr
 *(.glue_7)
 .glue_7        0x00128e10        0x0 linker stubs
 *(.glue_7t)
 .glue_7t       0x00128e10        0x0 linker stubs
 *(.stub)
 *(.gnu.warning)
 *(.gnu.linkonce.t*)
                0x00128e10                . = ALIGN (0x4)
 *(.fini)
 .fini          0x00128e10        0xc c:/devkitpro/devkitarm/bin/../lib/gcc/arm-none-eabi/6.3.0/armv6k/fpu/crti.o
                0x00128e10                _fini
 .fini          0x00128e1c        0xc c:/devkitpro/devkitarm/bin/../lib/gcc/arm-none-eabi/6.3.0/armv6k/fpu/crtn.o
                0x00128e28                . = ALIGN (0x4)

.vfp11_veneer   0x00128e28        0x0
 .vfp11_veneer  0x00128e28        0x0 linker stubs

.v4_bx          0x00128e28        0x0
 .v4_bx         0x00128e28        0x0 linker stubs

.iplt           0x00128e28        0x0
 .iplt          0x00128e28        0x0 c:/devkitpro/devkitarm/bin/../lib/gcc/arm-none-eabi/6.3.0/../../../../arm-none-eabi/lib/armv6k/fpu/3dsx_crt0.o

.rodata         0x00129000     0x5140
 *(.rodata)
 .rodata        0x00129000       0x1c c:/devkitPro/libctru/lib\libctru.a(gfx.o)
 .rodata        0x0012901c      0x168 c:/devkitPro/libctru/lib\libctru.a(console.o)
 .rodata        0x00129184        0xc c:/devkitPro/libctru/lib\libctru.a(apt.o)
 .rodata        0x00129190       0x14 c:/devkitPro/libctru/lib\libctru.a(swkbd.o)
 .rodata        0x001291a4      0x804 c:/devkitPro/libctru/lib\libctru.a(default_font.bin.o)
                0x001291a4                default_font_bin
                0x001299a4                default_font_bin_size
                0x001299a4                default_font_bin_end
 .rodata        0x001299a8       0x3c c:/devkitPro/libctru/lib\libctru.a(sdmc_dev.o)
 *(.roda)
 *(.rodata.*)
 .rodata.str1.4
                0x001299e4      0xa96 main.o
                                0xa9a (size before relaxing)
 *fill*         0x0012a47a        0x2 
 .rodata.str1.4
                0x0012a47c       0x70 c:/devkitPro/libctru/lib\libctru.a(console.o)
 .rodata.str1.4
                0x0012a4ec       0x15 c:/devkitPro/libctru/lib\libctru.a(hid.o)
 *fill*         0x0012a501        0x3 
 .rodata.str1.4
                0x0012a504       0x16 c:/devkitPro/libctru/lib\libctru.a(apt.o)
 *fill*         0x0012a51a        0x2 
 .rodata.str1.4
                0x0012a51c        0x9 c:/devkitPro/libctru/lib\libctru.a(gspgpu.o)
 *fill*         0x0012a525        0x3 
 .rodata.str1.4
                0x0012a528        0x7 c:/devkitPro/libctru/lib\libctru.a(irrst.o)
 *fill*         0x0012a52f        0x1 
 .rodata.str1.4
                0x0012a530        0x5 c:/devkitPro/libctru/lib\libctru.a(srv.o)
 *fill*         0x0012a535        0x3 
 .rodata.str1.4
                0x0012a538        0x9 c:/devkitPro/libctru/lib\libctru.a(ptmsysm.o)
 *fill*         0x0012a541        0x3 
 .rodata.str1.4
                0x0012a544        0xd c:/devkitPro/libctru/lib\libctru.a(sdmc_dev.o)
                                 0x11 (size before relaxing)
 *fill*         0x0012a551        0x3 
 .rodata.str1.4
                0x0012a554        0x8 c:/devkitPro/libctru/lib\libctru.a(fs.o)
                                  0x9 (size before relaxing)
 .rodata._global_impure_ptr
                0x0012a55c        0x4 c:/devkitpro/devkitarm/bin/../lib/gcc/arm-none-eabi/6.3.0/../../../../arm-none-eabi/lib/armv6k/fpu\libg.a(lib_a-impure.o)
                0x0012a55c                _global_impure_ptr
 .rodata._puts_r.str1.4
                0x0012a560        0x8 c:/devkitpro/devkitarm/bin/../lib/gcc/arm-none-eabi/6.3.0/../../../../arm-none-eabi/lib/armv6k/fpu\libg.a(lib_a-puts.o)
                                  0x2 (size before relaxing)
 .rodata._svfprintf_r.str1.4
                0x0012a560       0x42 c:/devkitpro/devkitarm/bin/../lib/gcc/arm-none-eabi/6.3.0/../../../../arm-none-eabi/lib/armv6k/fpu\libg.a(lib_a-svfprintf.o)
 *fill*         0x0012a5a2        0x2 
 .rodata.blanks.8400
                0x0012a5a4       0x10 c:/devkitpro/devkitarm/bin/../lib/gcc/arm-none-eabi/6.3.0/../../../../arm-none-eabi/lib/armv6k/fpu\libg.a(lib_a-svfprintf.o)
 .rodata.zeroes.8401
                0x0012a5b4       0x10 c:/devkitpro/devkitarm/bin/../lib/gcc/arm-none-eabi/6.3.0/../../../../arm-none-eabi/lib/armv6k/fpu\libg.a(lib_a-svfprintf.o)
 .rodata.__ssvfscanf_r.str1.4
                0x0012a5c4        0x5 c:/devkitpro/devkitarm/bin/../lib/gcc/arm-none-eabi/6.3.0/../../../../arm-none-eabi/lib/armv6k/fpu\libg.a(lib_a-svfscanf.o)
 *fill*         0x0012a5c9        0x3 
 .rodata.basefix.8441
                0x0012a5cc       0x22 c:/devkitpro/devkitarm/bin/../lib/gcc/arm-none-eabi/6.3.0/../../../../arm-none-eabi/lib/armv6k/fpu\libg.a(lib_a-svfscanf.o)
 .rodata._vfiprintf_r.str1.4
                0x0012a5ee       0x2f c:/devkitpro/devkitarm/bin/../lib/gcc/arm-none-eabi/6.3.0/../../../../arm-none-eabi/lib/armv6k/fpu\libg.a(lib_a-vfiprintf.o)
 *fill*         0x0012a5ee        0x2 
 .rodata.blanks.8383
                0x0012a5f0       0x10 c:/devkitpro/devkitarm/bin/../lib/gcc/arm-none-eabi/6.3.0/../../../../arm-none-eabi/lib/armv6k/fpu\libg.a(lib_a-vfiprintf.o)
 .rodata.zeroes.8384
                0x0012a600       0x10 c:/devkitpro/devkitarm/bin/../lib/gcc/arm-none-eabi/6.3.0/../../../../arm-none-eabi/lib/armv6k/fpu\libg.a(lib_a-vfiprintf.o)
 .rodata._vfprintf_r.str1.4
                0x0012a610       0x42 c:/devkitpro/devkitarm/bin/../lib/gcc/arm-none-eabi/6.3.0/../../../../arm-none-eabi/lib/armv6k/fpu\libg.a(lib_a-vfprintf.o)
 .rodata.blanks.8415
                0x0012a610       0x10 c:/devkitpro/devkitarm/bin/../lib/gcc/arm-none-eabi/6.3.0/../../../../arm-none-eabi/lib/armv6k/fpu\libg.a(lib_a-vfprintf.o)
 .rodata.zeroes.8416
                0x0012a620       0x10 c:/devkitpro/devkitarm/bin/../lib/gcc/arm-none-eabi/6.3.0/../../../../arm-none-eabi/lib/armv6k/fpu\libg.a(lib_a-vfprintf.o)
 .rodata.__svfscanf_r.str1.4
                0x0012a630        0x5 c:/devkitpro/devkitarm/bin/../lib/gcc/arm-none-eabi/6.3.0/../../../../arm-none-eabi/lib/armv6k/fpu\libg.a(lib_a-vfscanf.o)
 .rodata.basefix.8460
                0x0012a630       0x22 c:/devkitpro/devkitarm/bin/../lib/gcc/arm-none-eabi/6.3.0/../../../../arm-none-eabi/lib/armv6k/fpu\libg.a(lib_a-vfscanf.o)
 *fill*         0x0012a652        0x2 
 .rodata._dtoa_r.str1.4
                0x0012a654       0x10 c:/devkitpro/devkitarm/bin/../lib/gcc/arm-none-eabi/6.3.0/../../../../arm-none-eabi/lib/armv6k/fpu\libg.a(lib_a-dtoa.o)
                                 0x12 (size before relaxing)
 .rodata._jp2uc.str1.4
                0x0012a664       0x12 c:/devkitpro/devkitarm/bin/../lib/gcc/arm-none-eabi/6.3.0/../../../../arm-none-eabi/lib/armv6k/fpu\libg.a(lib_a-jp2uc.o)
 *fill*         0x0012a676        0x2 
 .rodata.a1     0x0012a678       0xbc c:/devkitpro/devkitarm/bin/../lib/gcc/arm-none-eabi/6.3.0/../../../../arm-none-eabi/lib/armv6k/fpu\libg.a(lib_a-jp2uc.o)
 .rodata.a2     0x0012a734       0xbc c:/devkitpro/devkitarm/bin/../lib/gcc/arm-none-eabi/6.3.0/../../../../arm-none-eabi/lib/armv6k/fpu\libg.a(lib_a-jp2uc.o)
 .rodata.a3     0x0012a7f0       0x5b c:/devkitpro/devkitarm/bin/../lib/gcc/arm-none-eabi/6.3.0/../../../../arm-none-eabi/lib/armv6k/fpu\libg.a(lib_a-jp2uc.o)
 *fill*         0x0012a84b        0x1 
 .rodata.a6     0x0012a84c       0x70 c:/devkitpro/devkitarm/bin/../lib/gcc/arm-none-eabi/6.3.0/../../../../arm-none-eabi/lib/armv6k/fpu\libg.a(lib_a-jp2uc.o)
 .rodata.a7     0x0012a8bc       0xa2 c:/devkitpro/devkitarm/bin/../lib/gcc/arm-none-eabi/6.3.0/../../../../arm-none-eabi/lib/armv6k/fpu\libg.a(lib_a-jp2uc.o)
 *fill*         0x0012a95e        0x2 
 .rodata.a8     0x0012a960       0x40 c:/devkitpro/devkitarm/bin/../lib/gcc/arm-none-eabi/6.3.0/../../../../arm-none-eabi/lib/armv6k/fpu\libg.a(lib_a-jp2uc.o)
 .rodata.b02cf  0x0012a9a0     0x172a c:/devkitpro/devkitarm/bin/../lib/gcc/arm-none-eabi/6.3.0/../../../../arm-none-eabi/lib/armv6k/fpu\libg.a(lib_a-jp2uc.o)
 *fill*         0x0012c0ca        0x2 
 .rodata.d02f4  0x0012c0cc     0x1a7c c:/devkitpro/devkitarm/bin/../lib/gcc/arm-none-eabi/6.3.0/../../../../arm-none-eabi/lib/armv6k/fpu\libg.a(lib_a-jp2uc.o)
 .rodata.str1.4
                0x0012db48       0x44 c:/devkitpro/devkitarm/bin/../lib/gcc/arm-none-eabi/6.3.0/../../../../arm-none-eabi/lib/armv6k/fpu\libg.a(lib_a-locale.o)
                                 0x4c (size before relaxing)
 .rodata._mbrtowc_r.str1.4
                0x0012db8c        0x1 c:/devkitpro/devkitarm/bin/../lib/gcc/arm-none-eabi/6.3.0/../../../../arm-none-eabi/lib/armv6k/fpu\libg.a(lib_a-mbrtowc.o)
 *fill*         0x0012db8c        0x4 
 .rodata.__mprec_bigtens
                0x0012db90       0x28 c:/devkitpro/devkitarm/bin/../lib/gcc/arm-none-eabi/6.3.0/../../../../arm-none-eabi/lib/armv6k/fpu\libg.a(lib_a-mprec.o)
                0x0012db90                __mprec_bigtens
 .rodata.__mprec_tens
                0x0012dbb8       0xc8 c:/devkitpro/devkitarm/bin/../lib/gcc/arm-none-eabi/6.3.0/../../../../arm-none-eabi/lib/armv6k/fpu\libg.a(lib_a-mprec.o)
                0x0012dbb8                __mprec_tens
 .rodata.p05.7191
                0x0012dc80        0xc c:/devkitpro/devkitarm/bin/../lib/gcc/arm-none-eabi/6.3.0/../../../../arm-none-eabi/lib/armv6k/fpu\libg.a(lib_a-mprec.o)
 .rodata._strtod_l.str1.4
                0x0012dc8c        0xf c:/devkitpro/devkitarm/bin/../lib/gcc/arm-none-eabi/6.3.0/../../../../arm-none-eabi/lib/armv6k/fpu\libg.a(lib_a-strtod.o)
 *fill*         0x0012dc9b        0x1 
 .rodata.fpi.7277
                0x0012dc9c       0x14 c:/devkitpro/devkitarm/bin/../lib/gcc/arm-none-eabi/6.3.0/../../../../arm-none-eabi/lib/armv6k/fpu\libg.a(lib_a-strtod.o)
 .rodata.fpinan.7313
                0x0012dcb0       0x14 c:/devkitpro/devkitarm/bin/../lib/gcc/arm-none-eabi/6.3.0/../../../../arm-none-eabi/lib/armv6k/fpu\libg.a(lib_a-strtod.o)
 *fill*         0x0012dcc4        0x4 
 .rodata.tinytens
                0x0012dcc8       0x28 c:/devkitpro/devkitarm/bin/../lib/gcc/arm-none-eabi/6.3.0/../../../../arm-none-eabi/lib/armv6k/fpu\libg.a(lib_a-strtod.o)
 .rodata.__action_table
                0x0012dcf0       0x6c c:/devkitpro/devkitarm/bin/../lib/gcc/arm-none-eabi/6.3.0/../../../../arm-none-eabi/lib/armv6k/fpu\libg.a(lib_a-svfiprintf.o)
                0x0012dcf0                __action_table
 .rodata.__chclass
                0x0012dd5c      0x100 c:/devkitpro/devkitarm/bin/../lib/gcc/arm-none-eabi/6.3.0/../../../../arm-none-eabi/lib/armv6k/fpu\libg.a(lib_a-svfiprintf.o)
                0x0012dd5c                __chclass
 .rodata.__state_table
                0x0012de5c       0x6c c:/devkitpro/devkitarm/bin/../lib/gcc/arm-none-eabi/6.3.0/../../../../arm-none-eabi/lib/armv6k/fpu\libg.a(lib_a-svfiprintf.o)
                0x0012de5c                __state_table
 .rodata._ctype_
                0x0012dec8      0x101 c:/devkitpro/devkitarm/bin/../lib/gcc/arm-none-eabi/6.3.0/../../../../arm-none-eabi/lib/armv6k/fpu\libg.a(lib_a-ctype_.o)
                0x0012dec8                _ctype_
 *fill*         0x0012dfc9        0x3 
 .rodata.__hexdig
                0x0012dfcc      0x100 c:/devkitpro/devkitarm/bin/../lib/gcc/arm-none-eabi/6.3.0/../../../../arm-none-eabi/lib/armv6k/fpu\libg.a(lib_a-gdtoa-gethex.o)
                0x0012dfcc                __hexdig
 .rodata.AddDevice.str1.4
                0x0012e0cc        0x8 c:/devkitpro/devkitarm/bin/../lib/gcc/arm-none-eabi/6.3.0/../../../../arm-none-eabi/lib/armv6k/fpu\libsysbase.a(iosupport.o)
 .rodata.dotab_stdnull
                0x0012e0d4       0x68 c:/devkitpro/devkitarm/bin/../lib/gcc/arm-none-eabi/6.3.0/../../../../arm-none-eabi/lib/armv6k/fpu\libsysbase.a(iosupport.o)
                0x0012e0d4                dotab_stdnull
 .rodata.DIRECTORY_PARENT
                0x0012e13c        0x3 c:/devkitpro/devkitarm/bin/../lib/gcc/arm-none-eabi/6.3.0/../../../../arm-none-eabi/lib/armv6k/fpu\libsysbase.a(chdir.o)
                0x0012e13c                DIRECTORY_PARENT
 *all.rodata*(*)
 *(.gnu.linkonce.r*)
                0x0012e140                . = ALIGN (0x4)
 *fill*         0x0012e13f        0x1 

.eh_frame       0x0012e140        0x0
 .eh_frame      0x0012e140        0x0 c:/devkitpro/devkitarm/bin/../lib/gcc/arm-none-eabi/6.3.0/armv6k/fpu/crtbegin.o

.rel.dyn        0x0012e140        0x0
 .rel.iplt      0x0012e140        0x0 c:/devkitpro/devkitarm/bin/../lib/gcc/arm-none-eabi/6.3.0/../../../../arm-none-eabi/lib/armv6k/fpu/3dsx_crt0.o

.ARM.extab
 *(.ARM.extab* .gnu.linkonce.armextab.*)
                0x0012e140                __exidx_start = .

ARM.exidx
 *(.ARM.exidx* .gnu.linkonce.armexidx.*)
                0x0012e140                __exidx_end = .

.data           0x0012f000     0x2f5c
 *(.data)
 .data          0x0012f000        0xa main.o
                0x0012f000                versiontxt
 *fill*         0x0012f00a        0x2 
 .data          0x0012f00c        0xc c:/devkitPro/libctru/lib\libctru.a(gfx.o)
 .data          0x0012f018       0x51 c:/devkitPro/libctru/lib\libctru.a(console.o)
                0x0012f018                defaultConsole
                0x0012f064                currentConsole
 *fill*         0x0012f069        0x3 
 .data          0x0012f06c        0x4 c:/devkitPro/libctru/lib\libctru.a(apt.o)
 .data          0x0012f070        0x4 c:/devkitPro/libctru/lib\libctru.a(gspgpu.o)
 .data          0x0012f074        0x4 c:/devkitPro/libctru/lib\libctru.a(stack_adjust.o)
                0x0012f074                __stacksize__
 .data          0x0012f078        0x4 c:/devkitPro/libctru/lib\libctru.a(allocateHeaps.o)
                0x0012f078                __ctru_linear_heap_size
 .data          0x0012f07c      0x46c c:/devkitPro/libctru/lib\libctru.a(sdmc_dev.o)
 *(.data.*)
 .data.__sfp_lock
                0x0012f4e8        0xc c:/devkitpro/devkitarm/bin/../lib/gcc/arm-none-eabi/6.3.0/../../../../arm-none-eabi/lib/armv6k/fpu\libg.a(lib_a-findfp.o)
 .data.__sinit_lock
                0x0012f4f4        0xc c:/devkitpro/devkitarm/bin/../lib/gcc/arm-none-eabi/6.3.0/../../../../arm-none-eabi/lib/armv6k/fpu\libg.a(lib_a-findfp.o)
 .data._impure_ptr
                0x0012f500        0x4 c:/devkitpro/devkitarm/bin/../lib/gcc/arm-none-eabi/6.3.0/../../../../arm-none-eabi/lib/armv6k/fpu\libg.a(lib_a-impure.o)
                0x0012f500                _impure_ptr
 *fill*         0x0012f504        0x4 
 .data.impure_data
                0x0012f508      0x460 c:/devkitpro/devkitarm/bin/../lib/gcc/arm-none-eabi/6.3.0/../../../../arm-none-eabi/lib/armv6k/fpu\libg.a(lib_a-impure.o)
 .data.__malloc_av_
                0x0012f968      0x408 c:/devkitpro/devkitarm/bin/../lib/gcc/arm-none-eabi/6.3.0/../../../../arm-none-eabi/lib/armv6k/fpu\libg.a(lib_a-mallocr.o)
                0x0012f968                __malloc_av_
 .data.__malloc_sbrk_base
                0x0012fd70        0x4 c:/devkitpro/devkitarm/bin/../lib/gcc/arm-none-eabi/6.3.0/../../../../arm-none-eabi/lib/armv6k/fpu\libg.a(lib_a-mallocr.o)
                0x0012fd70                __malloc_sbrk_base
 .data.__malloc_trim_threshold
                0x0012fd74        0x4 c:/devkitpro/devkitarm/bin/../lib/gcc/arm-none-eabi/6.3.0/../../../../arm-none-eabi/lib/armv6k/fpu\libg.a(lib_a-mallocr.o)
                0x0012fd74                __malloc_trim_threshold
 .data.__malloc_lock_object
                0x0012fd78        0xc c:/devkitpro/devkitarm/bin/../lib/gcc/arm-none-eabi/6.3.0/../../../../arm-none-eabi/lib/armv6k/fpu\libg.a(lib_a-mlock.o)
 .data.__global_locale
                0x0012fd84      0x16c c:/devkitpro/devkitarm/bin/../lib/gcc/arm-none-eabi/6.3.0/../../../../arm-none-eabi/lib/armv6k/fpu\libg.a(lib_a-locale.o)
                0x0012fd84                __global_locale
 .data.defaultDevice
                0x0012fef0        0x4 c:/devkitpro/devkitarm/bin/../lib/gcc/arm-none-eabi/6.3.0/../../../../arm-none-eabi/lib/armv6k/fpu\libsysbase.a(iosupport.o)
 .data.devoptab_list
                0x0012fef4       0x40 c:/devkitpro/devkitarm/bin/../lib/gcc/arm-none-eabi/6.3.0/../../../../arm-none-eabi/lib/armv6k/fpu\libsysbase.a(iosupport.o)
                0x0012fef4                devoptab_list
 .data._current_working_directory
                0x0012ff34     0x1000 c:/devkitpro/devkitarm/bin/../lib/gcc/arm-none-eabi/6.3.0/../../../../arm-none-eabi/lib/armv6k/fpu\libsysbase.a(chdir.o)
 .data.__hndl_lock
                0x00130f34        0x4 c:/devkitpro/devkitarm/bin/../lib/gcc/arm-none-eabi/6.3.0/../../../../arm-none-eabi/lib/armv6k/fpu\libsysbase.a(handle_manager.o)
 .data.__stderr_handle
                0x00130f38        0xc c:/devkitpro/devkitarm/bin/../lib/gcc/arm-none-eabi/6.3.0/../../../../arm-none-eabi/lib/armv6k/fpu\libsysbase.a(handle_manager.o)
 .data.__stdin_handle
                0x00130f44        0xc c:/devkitpro/devkitarm/bin/../lib/gcc/arm-none-eabi/6.3.0/../../../../arm-none-eabi/lib/armv6k/fpu\libsysbase.a(handle_manager.o)
 .data.__stdout_handle
                0x00130f50        0xc c:/devkitpro/devkitarm/bin/../lib/gcc/arm-none-eabi/6.3.0/../../../../arm-none-eabi/lib/armv6k/fpu\libsysbase.a(handle_manager.o)
 .data.handles  0x00130f5c     0x1000 c:/devkitpro/devkitarm/bin/../lib/gcc/arm-none-eabi/6.3.0/../../../../arm-none-eabi/lib/armv6k/fpu\libsysbase.a(handle_manager.o)
 *(.gnu.linkonce.d*)
                0x00131f5c                . = ALIGN (0x4)

.igot.plt       0x00131f5c        0x0
 .igot.plt      0x00131f5c        0x0 c:/devkitpro/devkitarm/bin/../lib/gcc/arm-none-eabi/6.3.0/../../../../arm-none-eabi/lib/armv6k/fpu/3dsx_crt0.o

.jcr            0x00131f5c        0x0
 .jcr           0x00131f5c        0x0 c:/devkitpro/devkitarm/bin/../lib/gcc/arm-none-eabi/6.3.0/armv6k/fpu/crtbegin.o

.tm_clone_table
                0x00131f5c        0x0
 .tm_clone_table